Archive member included to satisfy reference by file (symbol)

C:/ST/STM32CubeIDE_1.13.2/STM32CubeIDE/plugins/com.st.stm32cube.ide.mcu.externaltools.gnu-tools-for-stm32.11.3.rel1.win32_1.1.1.202309131626/tools/bin/../lib/gcc/arm-none-eabi/11.3.1/../../../../arm-none-eabi/lib/thumb/v7e-m+fp/hard\libc_nano.a(libc_a-exit.o)
                              C:/ST/STM32CubeIDE_1.13.2/STM32CubeIDE/plugins/com.st.stm32cube.ide.mcu.externaltools.gnu-tools-for-stm32.11.3.rel1.win32_1.1.1.202309131626/tools/bin/../lib/gcc/arm-none-eabi/11.3.1/../../../../arm-none-eabi/lib/thumb/v7e-m+fp/hard/crt0.o (exit)
C:/ST/STM32CubeIDE_1.13.2/STM32CubeIDE/plugins/com.st.stm32cube.ide.mcu.externaltools.gnu-tools-for-stm32.11.3.rel1.win32_1.1.1.202309131626/tools/bin/../lib/gcc/arm-none-eabi/11.3.1/../../../../arm-none-eabi/lib/thumb/v7e-m+fp/hard\libc_nano.a(libc_a-findfp.o)
                              C:/ST/STM32CubeIDE_1.13.2/STM32CubeIDE/plugins/com.st.stm32cube.ide.mcu.externaltools.gnu-tools-for-stm32.11.3.rel1.win32_1.1.1.202309131626/tools/bin/../lib/gcc/arm-none-eabi/11.3.1/../../../../arm-none-eabi/lib/thumb/v7e-m+fp/hard\libc_nano.a(libc_a-exit.o) (__stdio_exit_handler)
C:/ST/STM32CubeIDE_1.13.2/STM32CubeIDE/plugins/com.st.stm32cube.ide.mcu.externaltools.gnu-tools-for-stm32.11.3.rel1.win32_1.1.1.202309131626/tools/bin/../lib/gcc/arm-none-eabi/11.3.1/../../../../arm-none-eabi/lib/thumb/v7e-m+fp/hard\libc_nano.a(libc_a-fwalk.o)
                              C:/ST/STM32CubeIDE_1.13.2/STM32CubeIDE/plugins/com.st.stm32cube.ide.mcu.externaltools.gnu-tools-for-stm32.11.3.rel1.win32_1.1.1.202309131626/tools/bin/../lib/gcc/arm-none-eabi/11.3.1/../../../../arm-none-eabi/lib/thumb/v7e-m+fp/hard\libc_nano.a(libc_a-findfp.o) (_fwalk_sglue)
C:/ST/STM32CubeIDE_1.13.2/STM32CubeIDE/plugins/com.st.stm32cube.ide.mcu.externaltools.gnu-tools-for-stm32.11.3.rel1.win32_1.1.1.202309131626/tools/bin/../lib/gcc/arm-none-eabi/11.3.1/../../../../arm-none-eabi/lib/thumb/v7e-m+fp/hard\libc_nano.a(libc_a-sprintf.o)
                              ./Core/Src/task_handlers.o (sprintf)
C:/ST/STM32CubeIDE_1.13.2/STM32CubeIDE/plugins/com.st.stm32cube.ide.mcu.externaltools.gnu-tools-for-stm32.11.3.rel1.win32_1.1.1.202309131626/tools/bin/../lib/gcc/arm-none-eabi/11.3.1/../../../../arm-none-eabi/lib/thumb/v7e-m+fp/hard\libc_nano.a(libc_a-stdio.o)
                              C:/ST/STM32CubeIDE_1.13.2/STM32CubeIDE/plugins/com.st.stm32cube.ide.mcu.externaltools.gnu-tools-for-stm32.11.3.rel1.win32_1.1.1.202309131626/tools/bin/../lib/gcc/arm-none-eabi/11.3.1/../../../../arm-none-eabi/lib/thumb/v7e-m+fp/hard\libc_nano.a(libc_a-findfp.o) (__sread)
C:/ST/STM32CubeIDE_1.13.2/STM32CubeIDE/plugins/com.st.stm32cube.ide.mcu.externaltools.gnu-tools-for-stm32.11.3.rel1.win32_1.1.1.202309131626/tools/bin/../lib/gcc/arm-none-eabi/11.3.1/../../../../arm-none-eabi/lib/thumb/v7e-m+fp/hard\libc_nano.a(libc_a-memcmp.o)
                              ./common/ThirdParty/SEGGER/OS/SEGGER_SYSVIEW_FreeRTOS.o (memcmp)
C:/ST/STM32CubeIDE_1.13.2/STM32CubeIDE/plugins/com.st.stm32cube.ide.mcu.externaltools.gnu-tools-for-stm32.11.3.rel1.win32_1.1.1.202309131626/tools/bin/../lib/gcc/arm-none-eabi/11.3.1/../../../../arm-none-eabi/lib/thumb/v7e-m+fp/hard\libc_nano.a(libc_a-memset.o)
                              C:/ST/STM32CubeIDE_1.13.2/STM32CubeIDE/plugins/com.st.stm32cube.ide.mcu.externaltools.gnu-tools-for-stm32.11.3.rel1.win32_1.1.1.202309131626/tools/bin/../lib/gcc/arm-none-eabi/11.3.1/../../../../arm-none-eabi/lib/thumb/v7e-m+fp/hard/crt0.o (memset)
C:/ST/STM32CubeIDE_1.13.2/STM32CubeIDE/plugins/com.st.stm32cube.ide.mcu.externaltools.gnu-tools-for-stm32.11.3.rel1.win32_1.1.1.202309131626/tools/bin/../lib/gcc/arm-none-eabi/11.3.1/../../../../arm-none-eabi/lib/thumb/v7e-m+fp/hard\libc_nano.a(libc_a-closer.o)
                              C:/ST/STM32CubeIDE_1.13.2/STM32CubeIDE/plugins/com.st.stm32cube.ide.mcu.externaltools.gnu-tools-for-stm32.11.3.rel1.win32_1.1.1.202309131626/tools/bin/../lib/gcc/arm-none-eabi/11.3.1/../../../../arm-none-eabi/lib/thumb/v7e-m+fp/hard\libc_nano.a(libc_a-stdio.o) (_close_r)
C:/ST/STM32CubeIDE_1.13.2/STM32CubeIDE/plugins/com.st.stm32cube.ide.mcu.externaltools.gnu-tools-for-stm32.11.3.rel1.win32_1.1.1.202309131626/tools/bin/../lib/gcc/arm-none-eabi/11.3.1/../../../../arm-none-eabi/lib/thumb/v7e-m+fp/hard\libc_nano.a(libc_a-reent.o)
                              C:/ST/STM32CubeIDE_1.13.2/STM32CubeIDE/plugins/com.st.stm32cube.ide.mcu.externaltools.gnu-tools-for-stm32.11.3.rel1.win32_1.1.1.202309131626/tools/bin/../lib/gcc/arm-none-eabi/11.3.1/../../../../arm-none-eabi/lib/thumb/v7e-m+fp/hard\libc_nano.a(libc_a-closer.o) (errno)
C:/ST/STM32CubeIDE_1.13.2/STM32CubeIDE/plugins/com.st.stm32cube.ide.mcu.externaltools.gnu-tools-for-stm32.11.3.rel1.win32_1.1.1.202309131626/tools/bin/../lib/gcc/arm-none-eabi/11.3.1/../../../../arm-none-eabi/lib/thumb/v7e-m+fp/hard\libc_nano.a(libc_a-impure.o)
[...]
Memory Configuration

Name             Origin             Length             Attributes
RAM              0x0000000020000000 0x0000000000018000 xrw
FLASH            0x0000000008000000 0x0000000000080000 xr
*default*        0x0000000000000000 0xffffffffffffffff

Linker script and memory map

LOAD C:/ST/STM32CubeIDE_1.13.2/STM32CubeIDE/plugins/com.st.stm32cube.ide.mcu.externaltools.gnu-tools-for-stm32.11.3.rel1.win32_1.1.1.202309131626/tools/bin/../lib/gcc/arm-none-eabi/11.3.1/thumb/v7e-m+fp/hard/crti.o
LOAD C:/ST/STM32CubeIDE_1.13.2/STM32CubeIDE/plugins/com.st.stm32cube.ide.mcu.externaltools.gnu-tools-for-stm32.11.3.rel1.win32_1.1.1.202309131626/tools/bin/../lib/gcc/arm-none-eabi/11.3.1/thumb/v7e-m+fp/hard/crtbegin.o
LOAD C:/ST/STM32CubeIDE_1.13.2/STM32CubeIDE/plugins/com.st.stm32cube.ide.mcu.externaltools.gnu-tools-for-stm32.11.3.rel1.win32_1.1.1.202309131626/tools/bin/../lib/gcc/arm-none-eabi/11.3.1/../../../../arm-none-eabi/lib/thumb/v7e-m+fp/hard/crt0.o
LOAD ./Core/Src/lcd1602.o
LOAD ./Core/Src/main.o
LOAD ./Core/Src/stm32f4xx_hal_msp.o
LOAD ./Core/Src/stm32f4xx_hal_timebase_tim.o
LOAD ./Core/Src/stm32f4xx_it.o
LOAD ./Core/Src/syscalls.o
LOAD ./Core/Src/sysmem.o
LOAD ./Core/Src/system_stm32f4xx.o
LOAD ./Core/Src/task_handlers.o
LOAD ./Core/Startup/startup_stm32f401retx.o
LOAD ./Drivers/STM32F4xx_HAL_Driver/Src/stm32f4xx_hal.o
LOAD ./Drivers/STM32F4xx_HAL_Driver/Src/stm32f4xx_hal_cortex.o
LOAD ./Drivers/STM32F4xx_HAL_Driver/Src/stm32f4xx_hal_dma.o
LOAD ./Drivers/STM32F4xx_HAL_Driver/Src/stm32f4xx_hal_dma_ex.o
LOAD ./Drivers/STM32F4xx_HAL_Driver/Src/stm32f4xx_hal_exti.o
LOAD ./Drivers/STM32F4xx_HAL_Driver/Src/stm32f4xx_hal_flash.o
LOAD ./Drivers/STM32F4xx_HAL_Driver/Src/stm32f4xx_hal_flash_ex.o
LOAD ./Drivers/STM32F4xx_HAL_Driver/Src/stm32f4xx_hal_flash_ramfunc.o
LOAD ./Drivers/STM32F4xx_HAL_Driver/Src/stm32f4xx_hal_gpio.o
LOAD ./Drivers/STM32F4xx_HAL_Driver/Src/stm32f4xx_hal_pwr.o
LOAD ./Drivers/STM32F4xx_HAL_Driver/Src/stm32f4xx_hal_pwr_ex.o
LOAD ./Drivers/STM32F4xx_HAL_Driver/Src/stm32f4xx_hal_rcc.o
LOAD ./Drivers/STM32F4xx_HAL_Driver/Src/stm32f4xx_hal_rcc_ex.o
LOAD ./Drivers/STM32F4xx_HAL_Driver/Src/stm32f4xx_hal_rtc.o
LOAD ./Drivers/STM32F4xx_HAL_Driver/Src/stm32f4xx_hal_rtc_ex.o
LOAD ./Drivers/STM32F4xx_HAL_Driver/Src/stm32f4xx_hal_tim.o
LOAD ./Drivers/STM32F4xx_HAL_Driver/Src/stm32f4xx_hal_tim_ex.o
LOAD ./common/ThirdParty/FreeRTOS/croutine.o
LOAD ./common/ThirdParty/FreeRTOS/event_groups.o
LOAD ./common/ThirdParty/FreeRTOS/list.o
LOAD ./common/ThirdParty/FreeRTOS/queue.o
LOAD ./common/ThirdParty/FreeRTOS/stream_buffer.o
LOAD ./common/ThirdParty/FreeRTOS/tasks.o
LOAD ./common/ThirdParty/FreeRTOS/timers.o
LOAD ./common/ThirdParty/FreeRTOS/portable/GCC/ARM_CM4F/port.o
LOAD ./common/ThirdParty/FreeRTOS/portable/MemMang/heap_4.o
LOAD ./common/ThirdParty/SEGGER/Config/SEGGER_SYSVIEW_Config_FreeRTOS.o
LOAD ./common/ThirdParty/SEGGER/OS/SEGGER_SYSVIEW_FreeRTOS.o
LOAD ./common/ThirdParty/SEGGER/Rec/segger_uart.o
LOAD ./common/ThirdParty/SEGGER/SEGGER/SEGGER_RTT.o
LOAD ./common/ThirdParty/SEGGER/SEGGER/SEGGER_RTT_ASM_ARMv7M.o
LOAD ./common/ThirdParty/SEGGER/SEGGER/SEGGER_RTT_printf.o
LOAD ./common/ThirdParty/SEGGER/SEGGER/SEGGER_SYSVIEW.o
LOAD ./common/ThirdParty/SEGGER/SEGGER/Syscalls/SEGGER_RTT_Syscalls_GCC.o
START GROUP
LOAD C:/ST/STM32CubeIDE_1.13.2/STM32CubeIDE/plugins/com.st.stm32cube.ide.mcu.externaltools.gnu-tools-for-stm32.11.3.rel1.win32_1.1.1.202309131626/tools/bin/../lib/gcc/arm-none-eabi/11.3.1/../../../../arm-none-eabi/lib/thumb/v7e-m+fp/hard\libc_nano.a
LOAD C:/ST/STM32CubeIDE_1.13.2/STM32CubeIDE/plugins/com.st.stm32cube.ide.mcu.externaltools.gnu-tools-for-stm32.11.3.rel1.win32_1.1.1.202309131626/tools/bin/../lib/gcc/arm-none-eabi/11.3.1/../../../../arm-none-eabi/lib/thumb/v7e-m+fp/hard\libm.a
END GROUP
START GROUP
LOAD C:/ST/STM32CubeIDE_1.13.2/STM32CubeIDE/plugins/com.st.stm32cube.ide.mcu.externaltools.gnu-tools-for-stm32.11.3.rel1.win32_1.1.1.202309131626/tools/bin/../lib/gcc/arm-none-eabi/11.3.1/thumb/v7e-m+fp/hard\libgcc.a
LOAD C:/ST/STM32CubeIDE_1.13.2/STM32CubeIDE/plugins/com.st.stm32cube.ide.mcu.externaltools.gnu-tools-for-stm32.11.3.rel1.win32_1.1.1.202309131626/tools/bin/../lib/gcc/arm-none-eabi/11.3.1/../../../../arm-none-eabi/lib/thumb/v7e-m+fp/hard\libc_nano.a
END GROUP
START GROUP
LOAD C:/ST/STM32CubeIDE_1.13.2/STM32CubeIDE/plugins/com.st.stm32cube.ide.mcu.externaltools.gnu-tools-for-stm32.11.3.rel1.win32_1.1.1.202309131626/tools/bin/../lib/gcc/arm-none-eabi/11.3.1/thumb/v7e-m+fp/hard\libgcc.a
LOAD C:/ST/STM32CubeIDE_1.13.2/STM32CubeIDE/plugins/com.st.stm32cube.ide.mcu.externaltools.gnu-tools-for-stm32.11.3.rel1.win32_1.1.1.202309131626/tools/bin/../lib/gcc/arm-none-eabi/11.3.1/../../../../arm-none-eabi/lib/thumb/v7e-m+fp/hard\libc_nano.a
LOAD C:/ST/STM32CubeIDE_1.13.2/STM32CubeIDE/plugins/com.st.stm32cube.ide.mcu.externaltools.gnu-tools-for-stm32.11.3.rel1.win32_1.1.1.202309131626/tools/bin/../lib/gcc/arm-none-eabi/11.3.1/../../../../arm-none-eabi/lib/thumb/v7e-m+fp/hard\libnosys.a
END GROUP
START GROUP
LOAD C:/ST/STM32CubeIDE_1.13.2/STM32CubeIDE/plugins/com.st.stm32cube.ide.mcu.externaltools.gnu-tools-for-stm32.11.3.rel1.win32_1.1.1.202309131626/tools/bin/../lib/gcc/arm-none-eabi/11.3.1/thumb/v7e-m+fp/hard\libgcc.a
LOAD C:/ST/STM32CubeIDE_1.13.2/STM32CubeIDE/plugins/com.st.stm32cube.ide.mcu.externaltools.gnu-tools-for-stm32.11.3.rel1.win32_1.1.1.202309131626/tools/bin/../lib/gcc/arm-none-eabi/11.3.1/../../../../arm-none-eabi/lib/thumb/v7e-m+fp/hard\libc_nano.a
LOAD C:/ST/STM32CubeIDE_1.13.2/STM32CubeIDE/plugins/com.st.stm32cube.ide.mcu.externaltools.gnu-tools-for-stm32.11.3.rel1.win32_1.1.1.202309131626/tools/bin/../lib/gcc/arm-none-eabi/11.3.1/../../../../arm-none-eabi/lib/thumb/v7e-m+fp/hard\libnosys.a
END GROUP
LOAD C:/ST/STM32CubeIDE_1.13.2/STM32CubeIDE/plugins/com.st.stm32cube.ide.mcu.externaltools.gnu-tools-for-stm32.11.3.rel1.win32_1.1.1.202309131626/tools/bin/../lib/gcc/arm-none-eabi/11.3.1/thumb/v7e-m+fp/hard/crtend.o
LOAD C:/ST/STM32CubeIDE_1.13.2/STM32CubeIDE/plugins/com.st.stm32cube.ide.mcu.externaltools.gnu-tools-for-stm32.11.3.rel1.win32_1.1.1.202309131626/tools/bin/../lib/gcc/arm-none-eabi/11.3.1/thumb/v7e-m+fp/hard/crtn.o
                0x0000000020018000                _estack = (ORIGIN (RAM) + LENGTH (RAM))
                0x0000000000000200                _Min_Heap_Size = 0x200
                0x0000000000000400                _Min_Stack_Size = 0x400

.isr_vector     0x0000000008000000      0x194
                0x0000000008000000                . = ALIGN (0x4)
 *(.isr_vector)
 .isr_vector    0x0000000008000000      0x194 ./Core/Startup/startup_stm32f401retx.o
                0x0000000008000000                g_pfnVectors
                0x0000000008000194                . = ALIGN (0x4)

.text           0x00000000080001a0     0x9734
                0x00000000080001a0                . = ALIGN (0x4)
 *(.text)
 .text          0x00000000080001a0       0x40 C:/ST/STM32CubeIDE_1.13.2/STM32CubeIDE/plugins/com.st.stm32cube.ide.mcu.externaltools.gnu-tools-for-stm32.11.3.rel1.win32_1.1.1.202309131626/tools/bin/../lib/gcc/arm-none-eabi/11.3.1/thumb/v7e-m+fp/hard/crtbegin.o
 .text          0x00000000080001e0       0x94 ./common/ThirdParty/SEGGER/SEGGER/SEGGER_RTT_ASM_ARMv7M.o
                0x00000000080001e0                SEGGER_RTT_ASM_WriteSkipNoLock
 .text          0x0000000008000274       0x10 C:/ST/STM32CubeIDE_1.13.2/STM32CubeIDE/plugins/com.st.stm32cube.ide.mcu.externaltools.gnu-tools-for-stm32.11.3.rel1.win32_1.1.1.202309131626/tools/bin/../lib/gcc/arm-none-eabi/11.3.1/../../../../arm-none-eabi/lib/thumb/v7e-m+fp/hard\libc_nano.a(libc_a-strlen.o)
                0x0000000008000274                strlen
 *fill*         0x0000000008000284        0xc 
 .text          0x0000000008000290       0xa0 C:/ST/STM32CubeIDE_1.13.2/STM32CubeIDE/plugins/com.st.stm32cube.ide.mcu.externaltools.gnu-tools-for-stm32.11.3.rel1.win32_1.1.1.202309131626/tools/bin/../lib/gcc/arm-none-eabi/11.3.1/../../../../arm-none-eabi/lib/thumb/v7e-m+fp/hard\libc_nano.a(libc_a-memchr.o)
                0x0000000008000290                memchr
 .text          0x0000000008000330       0x30 C:/ST/STM32CubeIDE_1.13.2/STM32CubeIDE/plugins/com.st.stm32cube.ide.mcu.externaltools.gnu-tools-for-stm32.11.3.rel1.win32_1.1.1.202309131626/tools/bin/../lib/gcc/arm-none-eabi/11.3.1/thumb/v7e-m+fp/hard\libgcc.a(_aeabi_uldivmod.o)
                0x0000000008000330                __aeabi_uldivmod
 .text          0x0000000008000360      0x2c8 C:/ST/STM32CubeIDE_1.13.2/STM32CubeIDE/plugins/com.st.stm32cube.ide.mcu.externaltools.gnu-tools-for-stm32.11.3.rel1.win32_1.1.1.202309131626/tools/bin/../lib/gcc/arm-none-eabi/11.3.1/thumb/v7e-m+fp/hard\libgcc.a(_udivmoddi4.o)
                0x0000000008000360                __udivmoddi4
 .text          0x0000000008000628        0x4 C:/ST/STM32CubeIDE_1.13.2/STM32CubeIDE/plugins/com.st.stm32cube.ide.mcu.externaltools.gnu-tools-for-stm32.11.3.rel1.win32_1.1.1.202309131626/tools/bin/../lib/gcc/arm-none-eabi/11.3.1/thumb/v7e-m+fp/hard\libgcc.a(_dvmd_tls.o)
                0x0000000008000628                __aeabi_idiv0
                0x0000000008000628                __aeabi_ldiv0
 *(.text*)
 .text.lcdDelayUs
                0x000000000800062c       0x34 ./Core/Src/lcd1602.o
                0x000000000800062c                lcdDelayUs
 .text.lcdSend  0x0000000008000660       0xa8 ./Core/Src/lcd1602.o
                0x0000000008000660                lcdSend
 .text.lcdSendCommand
                0x0000000008000708       0x30 ./Core/Src/lcd1602.o
                0x0000000008000708                lcdSendCommand
 .text.lcdSendData
                0x0000000008000738       0x30 ./Core/Src/lcd1602.o
 .text.lcdMoveCursor
                0x0000000008000768       0x46 ./Core/Src/lcd1602.o
                0x0000000008000768                lcdMoveCursor
 .text.lcdClear
                0x00000000080007ae       0x16 ./Core/Src/lcd1602.o
                0x00000000080007ae                lcdClear
 .text.lcdSendString
                0x00000000080007c4       0x40 ./Core/Src/lcd1602.o
                0x00000000080007c4                lcdSendString
 .text.lcdInit  0x0000000008000804       0x7a ./Core/Src/lcd1602.o
                0x0000000008000804                lcdInit
 *fill*         0x000000000800087e        0x2 
 .text.main     0x0000000008000880      0x1d4 ./Core/Src/main.o
                0x0000000008000880                main
 .text.SystemClock_Config
                0x0000000008000a54       0xd8 ./Core/Src/main.o
                0x0000000008000a54                SystemClock_Config
 .text.MX_RTC_Init
                0x0000000008000b2c      0x108 ./Core/Src/main.o
 .text.MX_TIM1_Init
                0x0000000008000c34       0xa0 ./Core/Src/main.o
 .text.MX_GPIO_Init
                0x0000000008000cd4      0x188 ./Core/Src/main.o
 .text.HAL_RTC_AlarmAEventCallback
                0x0000000008000e5c       0x20 ./Core/Src/main.o
                0x0000000008000e5c                HAL_RTC_AlarmAEventCallback
 .text.HAL_TIM_PeriodElapsedCallback
                0x0000000008000e7c       0x24 ./Core/Src/main.o
                0x0000000008000e7c                HAL_TIM_PeriodElapsedCallback
 .text.Error_Handler
                0x0000000008000ea0        0xa ./Core/Src/main.o
                0x0000000008000ea0                Error_Handler
 *fill*         0x0000000008000eaa        0x2 
 .text.HAL_MspInit
                0x0000000008000eac       0x54 ./Core/Src/stm32f4xx_hal_msp.o
                0x0000000008000eac                HAL_MspInit
 .text.HAL_RTC_MspInit
                0x0000000008000f00       0x68 ./Core/Src/stm32f4xx_hal_msp.o
                0x0000000008000f00                HAL_RTC_MspInit
 .text.HAL_TIM_Base_MspInit
                0x0000000008000f68       0x44 ./Core/Src/stm32f4xx_hal_msp.o
                0x0000000008000f68                HAL_TIM_Base_MspInit
 .text.HAL_InitTick
                0x0000000008000fac       0xf8 ./Core/Src/stm32f4xx_hal_timebase_tim.o
                0x0000000008000fac                HAL_InitTick
 .text.NMI_Handler
                0x00000000080010a4        0x6 ./Core/Src/stm32f4xx_it.o
                0x00000000080010a4                NMI_Handler
 .text.HardFault_Handler
                0x00000000080010aa        0x6 ./Core/Src/stm32f4xx_it.o
                0x00000000080010aa                HardFault_Handler
 .text.MemManage_Handler
                0x00000000080010b0        0x6 ./Core/Src/stm32f4xx_it.o
                0x00000000080010b0                MemManage_Handler
 .text.BusFault_Handler
                0x00000000080010b6        0x6 ./Core/Src/stm32f4xx_it.o
                0x00000000080010b6                BusFault_Handler
 .text.UsageFault_Handler
                0x00000000080010bc        0x6 ./Core/Src/stm32f4xx_it.o
                0x00000000080010bc                UsageFault_Handler
 .text.DebugMon_Handler
                0x00000000080010c2        0xe ./Core/Src/stm32f4xx_it.o
                0x00000000080010c2                DebugMon_Handler
 .text.RTC_Alarm_IRQHandler
                0x00000000080010d0       0x14 ./Core/Src/stm32f4xx_it.o
                0x00000000080010d0                RTC_Alarm_IRQHandler
 .text.TIM5_IRQHandler
                0x00000000080010e4       0x14 ./Core/Src/stm32f4xx_it.o
                0x00000000080010e4                TIM5_IRQHandler
 .text._sbrk    0x00000000080010f8       0x6c ./Core/Src/sysmem.o
                0x00000000080010f8                _sbrk
 .text.SystemInit
                0x0000000008001164       0x24 ./Core/Src/system_stm32f4xx.o
                0x0000000008001164                SystemInit
 .text.printTaskHandler
                0x0000000008001188       0x58 ./Core/Src/task_handlers.o
                0x0000000008001188                printTaskHandler
 .text.startTimerTaskHandler
                0x00000000080011e0       0x38 ./Core/Src/task_handlers.o
                0x00000000080011e0                startTimerTaskHandler
 .text.printTimerCallback
                0x0000000008001218       0x74 ./Core/Src/task_handlers.o
                0x0000000008001218                printTimerCallback
 .text.vApplicationIdleHook
                0x000000000800128c       0x94 ./Core/Src/task_handlers.o
                0x000000000800128c                vApplicationIdleHook
 .text.handleSetTime
                0x0000000008001320       0xf8 ./Core/Src/task_handlers.o
 .text.handleSetDate
                0x0000000008001418       0xf0 ./Core/Src/task_handlers.o
 .text.handleSelect
                0x0000000008001508       0x80 ./Core/Src/task_handlers.o
 .text.rtcUpdateTaskHandler
                0x0000000008001588      0x104 ./Core/Src/task_handlers.o
                0x0000000008001588                rtcUpdateTaskHandler
 .text.rtcSetTaskHandler
                0x000000000800168c       0xc0 ./Core/Src/task_handlers.o
                0x000000000800168c                rtcSetTaskHandler
 .text.alarmSetTaskHandler
                0x000000000800174c       0x74 ./Core/Src/task_handlers.o
                0x000000000800174c                alarmSetTaskHandler
 .text.Reset_Handler
                0x00000000080017c0       0x50 ./Core/Startup/startup_stm32f401retx.o
                0x00000000080017c0                Reset_Handler
 .text.Default_Handler
                0x0000000008001810        0x2 ./Core/Startup/startup_stm32f401retx.o
                0x0000000008001810                EXTI2_IRQHandler
                0x0000000008001810                SPI4_IRQHandler
                0x0000000008001810                TIM1_CC_IRQHandler
                0x0000000008001810                DMA2_Stream5_IRQHandler
                0x0000000008001810                DMA1_Stream5_IRQHandler
                0x0000000008001810                PVD_IRQHandler
                0x0000000008001810                SDIO_IRQHandler
                0x0000000008001810                TAMP_STAMP_IRQHandler
                0x0000000008001810                EXTI3_IRQHandler
                0x0000000008001810                TIM1_UP_TIM10_IRQHandler
                0x0000000008001810                I2C3_ER_IRQHandler
                0x0000000008001810                EXTI0_IRQHandler
                0x0000000008001810                I2C2_EV_IRQHandler
                0x0000000008001810                DMA1_Stream2_IRQHandler
                0x0000000008001810                FPU_IRQHandler
                0x0000000008001810                DMA2_Stream2_IRQHandler
                0x0000000008001810                SPI1_IRQHandler
                0x0000000008001810                TIM1_BRK_TIM9_IRQHandler
                0x0000000008001810                DMA2_Stream3_IRQHandler
                0x0000000008001810                USART6_IRQHandler
                0x0000000008001810                DMA2_Stream0_IRQHandler
                0x0000000008001810                TIM4_IRQHandler
                0x0000000008001810                I2C1_EV_IRQHandler
                0x0000000008001810                DMA1_Stream6_IRQHandler
                0x0000000008001810                DMA1_Stream1_IRQHandler
                0x0000000008001810                TIM3_IRQHandler
                0x0000000008001810                RCC_IRQHandler
                0x0000000008001810                Default_Handler
                0x0000000008001810                EXTI15_10_IRQHandler
                0x0000000008001810                ADC_IRQHandler
                0x0000000008001810                DMA1_Stream7_IRQHandler
                0x0000000008001810                DMA2_Stream7_IRQHandler
                0x0000000008001810                I2C3_EV_IRQHandler
                0x0000000008001810                EXTI9_5_IRQHandler
                0x0000000008001810                RTC_WKUP_IRQHandler
                0x0000000008001810                SPI2_IRQHandler
                0x0000000008001810                DMA1_Stream0_IRQHandler
                0x0000000008001810                EXTI4_IRQHandler
                0x0000000008001810                WWDG_IRQHandler
                0x0000000008001810                TIM2_IRQHandler
                0x0000000008001810                OTG_FS_WKUP_IRQHandler
                0x0000000008001810                TIM1_TRG_COM_TIM11_IRQHandler
                0x0000000008001810                EXTI1_IRQHandler
                0x0000000008001810                I2C2_ER_IRQHandler
                0x0000000008001810                DMA2_Stream1_IRQHandler
                0x0000000008001810                FLASH_IRQHandler
                0x0000000008001810                DMA2_Stream4_IRQHandler
                0x0000000008001810                USART1_IRQHandler
                0x0000000008001810                OTG_FS_IRQHandler
                0x0000000008001810                SPI3_IRQHandler
                0x0000000008001810                DMA1_Stream4_IRQHandler
                0x0000000008001810                I2C1_ER_IRQHandler
                0x0000000008001810                DMA2_Stream6_IRQHandler
                0x0000000008001810                DMA1_Stream3_IRQHandler
 *fill*         0x0000000008001812        0x2 
 .text.HAL_Init
                0x0000000008001814       0x44 ./Drivers/STM32F4xx_HAL_Driver/Src/stm32f4xx_hal.o
                0x0000000008001814                HAL_Init
 .text.HAL_IncTick
                0x0000000008001858       0x28 ./Drivers/STM32F4xx_HAL_Driver/Src/stm32f4xx_hal.o
                0x0000000008001858                HAL_IncTick
 .text.HAL_GetTick
                0x0000000008001880       0x18 ./Drivers/STM32F4xx_HAL_Driver/Src/stm32f4xx_hal.o
                0x0000000008001880                HAL_GetTick
 .text.HAL_Delay
                0x0000000008001898       0x48 ./Drivers/STM32F4xx_HAL_Driver/Src/stm32f4xx_hal.o
                0x0000000008001898                HAL_Delay
 .text.__NVIC_SetPriorityGrouping
                0x00000000080018e0       0x48 ./Drivers/STM32F4xx_HAL_Driver/Src/stm32f4xx_hal_cortex.o
 .text.__NVIC_GetPriorityGrouping
                0x0000000008001928       0x1c ./Drivers/STM32F4xx_HAL_Driver/Src/stm32f4xx_hal_cortex.o
 .text.__NVIC_EnableIRQ
                0x0000000008001944       0x3c ./Drivers/STM32F4xx_HAL_Driver/Src/stm32f4xx_hal_cortex.o
 .text.__NVIC_SetPriority
                0x0000000008001980       0x54 ./Drivers/STM32F4xx_HAL_Driver/Src/stm32f4xx_hal_cortex.o
 .text.NVIC_EncodePriority
                0x00000000080019d4       0x66 ./Drivers/STM32F4xx_HAL_Driver/Src/stm32f4xx_hal_cortex.o
 .text.HAL_NVIC_SetPriorityGrouping
                0x0000000008001a3a       0x16 ./Drivers/STM32F4xx_HAL_Driver/Src/stm32f4xx_hal_cortex.o
                0x0000000008001a3a                HAL_NVIC_SetPriorityGrouping
 .text.HAL_NVIC_SetPriority
                0x0000000008001a50       0x38 ./Drivers/STM32F4xx_HAL_Driver/Src/stm32f4xx_hal_cortex.o
                0x0000000008001a50                HAL_NVIC_SetPriority
 .text.HAL_NVIC_EnableIRQ
                0x0000000008001a88       0x1c ./Drivers/STM32F4xx_HAL_Driver/Src/stm32f4xx_hal_cortex.o
                0x0000000008001a88                HAL_NVIC_EnableIRQ
 .text.HAL_GPIO_Init
                0x0000000008001aa4      0x308 ./Drivers/STM32F4xx_HAL_Driver/Src/stm32f4xx_hal_gpio.o
                0x0000000008001aa4                HAL_GPIO_Init
 .text.HAL_GPIO_ReadPin
                0x0000000008001dac       0x30 ./Drivers/STM32F4xx_HAL_Driver/Src/stm32f4xx_hal_gpio.o
                0x0000000008001dac                HAL_GPIO_ReadPin
 .text.HAL_GPIO_WritePin
                0x0000000008001ddc       0x32 ./Drivers/STM32F4xx_HAL_Driver/Src/stm32f4xx_hal_gpio.o
                0x0000000008001ddc                HAL_GPIO_WritePin
 *fill*         0x0000000008001e0e        0x2 
 .text.HAL_RCC_OscConfig
                0x0000000008001e10      0x4f0 ./Drivers/STM32F4xx_HAL_Driver/Src/stm32f4xx_hal_rcc.o
                0x0000000008001e10                HAL_RCC_OscConfig
 .text.HAL_RCC_ClockConfig
                0x0000000008002300      0x1cc ./Drivers/STM32F4xx_HAL_Driver/Src/stm32f4xx_hal_rcc.o
                0x0000000008002300                HAL_RCC_ClockConfig
 .text.HAL_RCC_GetSysClockFreq
                0x00000000080024cc      0x20c ./Drivers/STM32F4xx_HAL_Driver/Src/stm32f4xx_hal_rcc.o
                0x00000000080024cc                HAL_RCC_GetSysClockFreq
 .text.HAL_RCC_GetHCLKFreq
                0x00000000080026d8       0x18 ./Drivers/STM32F4xx_HAL_Driver/Src/stm32f4xx_hal_rcc.o
                0x00000000080026d8                HAL_RCC_GetHCLKFreq
 .text.HAL_RCC_GetPCLK1Freq
                0x00000000080026f0       0x28 ./Drivers/STM32F4xx_HAL_Driver/Src/stm32f4xx_hal_rcc.o
                0x00000000080026f0                HAL_RCC_GetPCLK1Freq
 .text.HAL_RCC_GetClockConfig
                0x0000000008002718       0x64 ./Drivers/STM32F4xx_HAL_Driver/Src/stm32f4xx_hal_rcc.o
                0x0000000008002718                HAL_RCC_GetClockConfig
 .text.HAL_RCCEx_PeriphCLKConfig
                0x000000000800277c      0x1dc ./Drivers/STM32F4xx_HAL_Driver/Src/stm32f4xx_hal_rcc_ex.o
                0x000000000800277c                HAL_RCCEx_PeriphCLKConfig
 .text.HAL_RTC_Init
                0x0000000008002958       0xec ./Drivers/STM32F4xx_HAL_Driver/Src/stm32f4xx_hal_rtc.o
                0x0000000008002958                HAL_RTC_Init
 .text.HAL_RTC_SetTime
                0x0000000008002a44      0x134 ./Drivers/STM32F4xx_HAL_Driver/Src/stm32f4xx_hal_rtc.o
                0x0000000008002a44                HAL_RTC_SetTime
 .text.HAL_RTC_GetTime
                0x0000000008002b78       0xbc ./Drivers/STM32F4xx_HAL_Driver/Src/stm32f4xx_hal_rtc.o
                0x0000000008002b78                HAL_RTC_GetTime
 .text.HAL_RTC_SetDate
                0x0000000008002c34      0x108 ./Drivers/STM32F4xx_HAL_Driver/Src/stm32f4xx_hal_rtc.o
                0x0000000008002c34                HAL_RTC_SetDate
 .text.HAL_RTC_GetDate
                0x0000000008002d3c       0x9e ./Drivers/STM32F4xx_HAL_Driver/Src/stm32f4xx_hal_rtc.o
                0x0000000008002d3c                HAL_RTC_GetDate
 .text.HAL_RTC_SetAlarm
                0x0000000008002dda      0x254 ./Drivers/STM32F4xx_HAL_Driver/Src/stm32f4xx_hal_rtc.o
                0x0000000008002dda                HAL_RTC_SetAlarm
 *fill*         0x000000000800302e        0x2 
 .text.HAL_RTC_SetAlarm_IT
                0x0000000008003030      0x284 ./Drivers/STM32F4xx_HAL_Driver/Src/stm32f4xx_hal_rtc.o
                0x0000000008003030                HAL_RTC_SetAlarm_IT
 .text.HAL_RTC_AlarmIRQHandler
                0x00000000080032b4       0x8c ./Drivers/STM32F4xx_HAL_Driver/Src/stm32f4xx_hal_rtc.o
                0x00000000080032b4                HAL_RTC_AlarmIRQHandler
 .text.HAL_RTC_WaitForSynchro
                0x0000000008003340       0x50 ./Drivers/STM32F4xx_HAL_Driver/Src/stm32f4xx_hal_rtc.o
                0x0000000008003340                HAL_RTC_WaitForSynchro
 .text.RTC_EnterInitMode
                0x0000000008003390       0x6e ./Drivers/STM32F4xx_HAL_Driver/Src/stm32f4xx_hal_rtc.o
                0x0000000008003390                RTC_EnterInitMode
 .text.RTC_ExitInitMode
                0x00000000080033fe       0x4a ./Drivers/STM32F4xx_HAL_Driver/Src/stm32f4xx_hal_rtc.o
                0x00000000080033fe                RTC_ExitInitMode
 .text.RTC_ByteToBcd2
                0x0000000008003448       0x3a ./Drivers/STM32F4xx_HAL_Driver/Src/stm32f4xx_hal_rtc.o
                0x0000000008003448                RTC_ByteToBcd2
 .text.RTC_Bcd2ToByte
                0x0000000008003482       0x38 ./Drivers/STM32F4xx_HAL_Driver/Src/stm32f4xx_hal_rtc.o
                0x0000000008003482                RTC_Bcd2ToByte
 .text.HAL_RTCEx_AlarmBEventCallback
                0x00000000080034ba       0x14 ./Drivers/STM32F4xx_HAL_Driver/Src/stm32f4xx_hal_rtc_ex.o
                0x00000000080034ba                HAL_RTCEx_AlarmBEventCallback
 .text.HAL_TIM_Base_Init
                0x00000000080034ce       0x9e ./Drivers/STM32F4xx_HAL_Driver/Src/stm32f4xx_hal_tim.o
                0x00000000080034ce                HAL_TIM_Base_Init
 .text.HAL_TIM_Base_Start
                0x000000000800356c       0xb4 ./Drivers/STM32F4xx_HAL_Driver/Src/stm32f4xx_hal_tim.o
                0x000000000800356c                HAL_TIM_Base_Start
 .text.HAL_TIM_Base_Start_IT
                0x0000000008003620       0xc4 ./Drivers/STM32F4xx_HAL_Driver/Src/stm32f4xx_hal_tim.o
                0x0000000008003620                HAL_TIM_Base_Start_IT
 .text.HAL_TIM_IRQHandler
                0x00000000080036e4      0x210 ./Drivers/STM32F4xx_HAL_Driver/Src/stm32f4xx_hal_tim.o
                0x00000000080036e4                HAL_TIM_IRQHandler
 .text.HAL_TIM_ConfigClockSource
                0x00000000080038f4      0x18e ./Drivers/STM32F4xx_HAL_Driver/Src/stm32f4xx_hal_tim.o
                0x00000000080038f4                HAL_TIM_ConfigClockSource
 .text.HAL_TIM_OC_DelayElapsedCallback
                0x0000000008003a82       0x14 ./Drivers/STM32F4xx_HAL_Driver/Src/stm32f4xx_hal_tim.o
                0x0000000008003a82                HAL_TIM_OC_DelayElapsedCallback
 .text.HAL_TIM_IC_CaptureCallback
                0x0000000008003a96       0x14 ./Drivers/STM32F4xx_HAL_Driver/Src/stm32f4xx_hal_tim.o
                0x0000000008003a96                HAL_TIM_IC_CaptureCallback
 .text.HAL_TIM_PWM_PulseFinishedCallback
                0x0000000008003aaa       0x14 ./Drivers/STM32F4xx_HAL_Driver/Src/stm32f4xx_hal_tim.o
                0x0000000008003aaa                HAL_TIM_PWM_PulseFinishedCallback
 .text.HAL_TIM_TriggerCallback
                0x0000000008003abe       0x14 ./Drivers/STM32F4xx_HAL_Driver/Src/stm32f4xx_hal_tim.o
                0x0000000008003abe                HAL_TIM_TriggerCallback
 *fill*         0x0000000008003ad2        0x2 
 .text.TIM_Base_SetConfig
                0x0000000008003ad4      0x100 ./Drivers/STM32F4xx_HAL_Driver/Src/stm32f4xx_hal_tim.o
                0x0000000008003ad4                TIM_Base_SetConfig
 .text.TIM_TI1_ConfigInputStage
                0x0000000008003bd4       0x5e ./Drivers/STM32F4xx_HAL_Driver/Src/stm32f4xx_hal_tim.o
 .text.TIM_TI2_ConfigInputStage
                0x0000000008003c32       0x60 ./Drivers/STM32F4xx_HAL_Driver/Src/stm32f4xx_hal_tim.o
 .text.TIM_ITRx_SetConfig
                0x0000000008003c92       0x36 ./Drivers/STM32F4xx_HAL_Driver/Src/stm32f4xx_hal_tim.o
 .text.TIM_ETR_SetConfig
                0x0000000008003cc8       0x40 ./Drivers/STM32F4xx_HAL_Driver/Src/stm32f4xx_hal_tim.o
                0x0000000008003cc8                TIM_ETR_SetConfig
 .text.HAL_TIMEx_MasterConfigSynchronization
                0x0000000008003d08       0xdc ./Drivers/STM32F4xx_HAL_Driver/Src/stm32f4xx_hal_tim_ex.o
                0x0000000008003d08                HAL_TIMEx_MasterConfigSynchronization
 .text.HAL_TIMEx_CommutCallback
                0x0000000008003de4       0x14 ./Drivers/STM32F4xx_HAL_Driver/Src/stm32f4xx_hal_tim_ex.o
                0x0000000008003de4                HAL_TIMEx_CommutCallback
 .text.HAL_TIMEx_BreakCallback
                0x0000000008003df8       0x14 ./Drivers/STM32F4xx_HAL_Driver/Src/stm32f4xx_hal_tim_ex.o
                0x0000000008003df8                HAL_TIMEx_BreakCallback
 .text.vListInitialise
                0x0000000008003e0c       0x40 ./common/ThirdParty/FreeRTOS/list.o
                0x0000000008003e0c                vListInitialise
 .text.vListInitialiseItem
                0x0000000008003e4c       0x1a ./common/ThirdParty/FreeRTOS/list.o
                0x0000000008003e4c                vListInitialiseItem
 .text.vListInsertEnd
                0x0000000008003e66       0x48 ./common/ThirdParty/FreeRTOS/list.o
                0x0000000008003e66                vListInsertEnd
 .text.vListInsert
                0x0000000008003eae       0x72 ./common/ThirdParty/FreeRTOS/list.o
                0x0000000008003eae                vListInsert
 .text.uxListRemove
                0x0000000008003f20       0x54 ./common/ThirdParty/FreeRTOS/list.o
                0x0000000008003f20                uxListRemove
 .text.xQueueGenericReset
                0x0000000008003f74      0x120 ./common/ThirdParty/FreeRTOS/queue.o
                0x0000000008003f74                xQueueGenericReset
 .text.xQueueGenericCreate
                0x0000000008004094       0x9c ./common/ThirdParty/FreeRTOS/queue.o
                0x0000000008004094                xQueueGenericCreate
 .text.prvInitialiseNewQueue
                0x0000000008004130       0x46 ./common/ThirdParty/FreeRTOS/queue.o
 *fill*         0x0000000008004176        0x2 
 .text.xQueueGenericSend
                0x0000000008004178      0x1fc ./common/ThirdParty/FreeRTOS/queue.o
                0x0000000008004178                xQueueGenericSend
 .text.xQueueGenericSendFromISR
                0x0000000008004374      0x164 ./common/ThirdParty/FreeRTOS/queue.o
                0x0000000008004374                xQueueGenericSendFromISR
 .text.xQueueReceive
                0x00000000080044d8      0x1c0 ./common/ThirdParty/FreeRTOS/queue.o
                0x00000000080044d8                xQueueReceive
 .text.prvCopyDataToQueue
                0x0000000008004698       0xd4 ./common/ThirdParty/FreeRTOS/queue.o
 .text.prvCopyDataFromQueue
                0x000000000800476c       0x4c ./common/ThirdParty/FreeRTOS/queue.o
 .text.prvUnlockQueue
                0x00000000080047b8       0xa4 ./common/ThirdParty/FreeRTOS/queue.o
 .text.prvIsQueueEmpty
                0x000000000800485c       0x2c ./common/ThirdParty/FreeRTOS/queue.o
 .text.prvIsQueueFull
                0x0000000008004888       0x30 ./common/ThirdParty/FreeRTOS/queue.o
 .text.vQueueAddToRegistry
                0x00000000080048b8       0x9c ./common/ThirdParty/FreeRTOS/queue.o
                0x00000000080048b8                vQueueAddToRegistry
 .text.vQueueWaitForMessageRestricted
                0x0000000008004954       0x68 ./common/ThirdParty/FreeRTOS/queue.o
                0x0000000008004954                vQueueWaitForMessageRestricted
 .text.xTaskCreate
                0x00000000080049bc       0x8c ./common/ThirdParty/FreeRTOS/tasks.o
                0x00000000080049bc                xTaskCreate
 .text.prvInitialiseNewTask
                0x0000000008004a48      0x11c ./common/ThirdParty/FreeRTOS/tasks.o
 .text.prvAddNewTaskToReadyList
                0x0000000008004b64      0x168 ./common/ThirdParty/FreeRTOS/tasks.o
 .text.vTaskSuspend
                0x0000000008004ccc      0x15c ./common/ThirdParty/FreeRTOS/tasks.o
                0x0000000008004ccc                vTaskSuspend
 .text.vTaskStartScheduler
                0x0000000008004e28       0xc4 ./common/ThirdParty/FreeRTOS/tasks.o
                0x0000000008004e28                vTaskStartScheduler
 .text.vTaskSuspendAll
                0x0000000008004eec       0x1c ./common/ThirdParty/FreeRTOS/tasks.o
                0x0000000008004eec                vTaskSuspendAll
 .text.xTaskResumeAll
                0x0000000008004f08      0x200 ./common/ThirdParty/FreeRTOS/tasks.o
                0x0000000008004f08                xTaskResumeAll
 .text.xTaskGetTickCount
                0x0000000008005108       0x20 ./common/ThirdParty/FreeRTOS/tasks.o
                0x0000000008005108                xTaskGetTickCount
 .text.xTaskGetTickCountFromISR
                0x0000000008005128       0x24 ./common/ThirdParty/FreeRTOS/tasks.o
                0x0000000008005128                xTaskGetTickCountFromISR
 .text.uxTaskGetNumberOfTasks
                0x000000000800514c       0x18 ./common/ThirdParty/FreeRTOS/tasks.o
                0x000000000800514c                uxTaskGetNumberOfTasks
 .text.xTaskIncrementTick
                0x0000000008005164      0x234 ./common/ThirdParty/FreeRTOS/tasks.o
                0x0000000008005164                xTaskIncrementTick
 .text.vTaskSwitchContext
                0x0000000008005398       0xd4 ./common/ThirdParty/FreeRTOS/tasks.o
                0x0000000008005398                vTaskSwitchContext
 .text.vTaskPlaceOnEventList
                0x000000000800546c       0x48 ./common/ThirdParty/FreeRTOS/tasks.o
                0x000000000800546c                vTaskPlaceOnEventList
 .text.vTaskPlaceOnEventListRestricted
                0x00000000080054b4       0x90 ./common/ThirdParty/FreeRTOS/tasks.o
                0x00000000080054b4                vTaskPlaceOnEventListRestricted
 .text.xTaskRemoveFromEventList
                0x0000000008005544      0x1b0 ./common/ThirdParty/FreeRTOS/tasks.o
                0x0000000008005544                xTaskRemoveFromEventList
 .text.vTaskInternalSetTimeOutState
                0x00000000080056f4       0x2c ./common/ThirdParty/FreeRTOS/tasks.o
                0x00000000080056f4                vTaskInternalSetTimeOutState
 .text.xTaskCheckForTimeOut
                0x0000000008005720       0xcc ./common/ThirdParty/FreeRTOS/tasks.o
                0x0000000008005720                xTaskCheckForTimeOut
 .text.vTaskMissedYield
                0x00000000080057ec       0x18 ./common/ThirdParty/FreeRTOS/tasks.o
                0x00000000080057ec                vTaskMissedYield
 .text.prvIdleTask
                0x0000000008005804       0x34 ./common/ThirdParty/FreeRTOS/tasks.o
 .text.prvInitialiseTaskLists
                0x0000000008005838       0x80 ./common/ThirdParty/FreeRTOS/tasks.o
 .text.prvCheckTasksWaitingTermination
                0x00000000080058b8       0x5c ./common/ThirdParty/FreeRTOS/tasks.o
 .text.prvDeleteTCB
                0x0000000008005914       0x20 ./common/ThirdParty/FreeRTOS/tasks.o
 .text.prvResetNextTaskUnblockTime
                0x0000000008005934       0x38 ./common/ThirdParty/FreeRTOS/tasks.o
 .text.xTaskGetSchedulerState
                0x000000000800596c       0x3c ./common/ThirdParty/FreeRTOS/tasks.o
                0x000000000800596c                xTaskGetSchedulerState
 .text.xTaskPriorityDisinherit
                0x00000000080059a8      0x158 ./common/ThirdParty/FreeRTOS/tasks.o
                0x00000000080059a8                xTaskPriorityDisinherit
 .text.xTaskGenericNotifyWait
                0x0000000008005b00      0x110 ./common/ThirdParty/FreeRTOS/tasks.o
                0x0000000008005b00                xTaskGenericNotifyWait
 .text.xTaskGenericNotify
                0x0000000008005c10      0x268 ./common/ThirdParty/FreeRTOS/tasks.o
                0x0000000008005c10                xTaskGenericNotify
 .text.prvAddCurrentTaskToDelayedList
                0x0000000008005e78      0x100 ./common/ThirdParty/FreeRTOS/tasks.o
 .text.xTimerCreateTimerTask
                0x0000000008005f78       0x64 ./common/ThirdParty/FreeRTOS/timers.o
                0x0000000008005f78                xTimerCreateTimerTask
 .text.xTimerCreate
                0x0000000008005fdc       0x42 ./common/ThirdParty/FreeRTOS/timers.o
                0x0000000008005fdc                xTimerCreate
 .text.prvInitialiseNewTimer
                0x000000000800601e       0x70 ./common/ThirdParty/FreeRTOS/timers.o
 *fill*         0x000000000800608e        0x2 
 .text.xTimerGenericCommand
                0x0000000008006090       0x9c ./common/ThirdParty/FreeRTOS/timers.o
                0x0000000008006090                xTimerGenericCommand
 .text.prvReloadTimer
                0x000000000800612c       0x42 ./common/ThirdParty/FreeRTOS/timers.o
 *fill*         0x000000000800616e        0x2 
 .text.prvProcessExpiredTimer
                0x0000000008006170       0x60 ./common/ThirdParty/FreeRTOS/timers.o
 .text.prvTimerTask
                0x00000000080061d0       0x24 ./common/ThirdParty/FreeRTOS/timers.o
 .text.prvProcessTimerOrBlockTask
                0x00000000080061f4       0x9c ./common/ThirdParty/FreeRTOS/timers.o
 .text.prvGetNextExpireTime
                0x0000000008006290       0x48 ./common/ThirdParty/FreeRTOS/timers.o
 .text.prvSampleTimeNow
                0x00000000080062d8       0x40 ./common/ThirdParty/FreeRTOS/timers.o
 .text.prvInsertTimerInActiveList
                0x0000000008006318       0x84 ./common/ThirdParty/FreeRTOS/timers.o
 .text.prvProcessReceivedCommands
                0x000000000800639c      0x17c ./common/ThirdParty/FreeRTOS/timers.o
 .text.prvSwitchTimerLists
                0x0000000008006518       0x4c ./common/ThirdParty/FreeRTOS/timers.o
 .text.prvCheckForValidListAndQueue
                0x0000000008006564       0x6c ./common/ThirdParty/FreeRTOS/timers.o
 .text.pxPortInitialiseStack
                0x00000000080065d0       0x68 ./common/ThirdParty/FreeRTOS/portable/GCC/ARM_CM4F/port.o
                0x00000000080065d0                pxPortInitialiseStack
 .text.prvTaskExitError
                0x0000000008006638       0x58 ./common/ThirdParty/FreeRTOS/portable/GCC/ARM_CM4F/port.o
 .text.SVC_Handler
                0x0000000008006690       0x28 ./common/ThirdParty/FreeRTOS/portable/GCC/ARM_CM4F/port.o
                0x0000000008006690                SVC_Handler
 .text.prvPortStartFirstTask
                0x00000000080066b8       0x2c ./common/ThirdParty/FreeRTOS/portable/GCC/ARM_CM4F/port.o
 .text.xPortStartScheduler
                0x00000000080066e4      0x144 ./common/ThirdParty/FreeRTOS/portable/GCC/ARM_CM4F/port.o
                0x00000000080066e4                xPortStartScheduler
 .text.vInitPrioGroupValue
                0x0000000008006828       0xfc ./common/ThirdParty/FreeRTOS/portable/GCC/ARM_CM4F/port.o
                0x0000000008006828                vInitPrioGroupValue
 .text.vPortEnterCritical
                0x0000000008006924       0x60 ./common/ThirdParty/FreeRTOS/portable/GCC/ARM_CM4F/port.o
                0x0000000008006924                vPortEnterCritical
 .text.vPortExitCritical
                0x0000000008006984       0x54 ./common/ThirdParty/FreeRTOS/portable/GCC/ARM_CM4F/port.o
                0x0000000008006984                vPortExitCritical
 *fill*         0x00000000080069d8        0x8 
 .text.PendSV_Handler
                0x00000000080069e0       0x68 ./common/ThirdParty/FreeRTOS/portable/GCC/ARM_CM4F/port.o
                0x00000000080069e0                PendSV_Handler
 .text.SysTick_Handler
                0x0000000008006a48       0x44 ./common/ThirdParty/FreeRTOS/portable/GCC/ARM_CM4F/port.o
                0x0000000008006a48                SysTick_Handler
 .text.vPortSetupTimerInterrupt
                0x0000000008006a8c       0x48 ./common/ThirdParty/FreeRTOS/portable/GCC/ARM_CM4F/port.o
                0x0000000008006a8c                vPortSetupTimerInterrupt
 .text.vPortEnableVFP
                0x0000000008006ad4       0x18 ./common/ThirdParty/FreeRTOS/portable/GCC/ARM_CM4F/port.o
 .text.vPortValidateInterruptPriority
                0x0000000008006aec       0x80 ./common/ThirdParty/FreeRTOS/portable/GCC/ARM_CM4F/port.o
                0x0000000008006aec                vPortValidateInterruptPriority
 .text.pvPortMalloc
                0x0000000008006b6c      0x174 ./common/ThirdParty/FreeRTOS/portable/MemMang/heap_4.o
                0x0000000008006b6c                pvPortMalloc
 .text.vPortFree
                0x0000000008006ce0       0xb8 ./common/ThirdParty/FreeRTOS/portable/MemMang/heap_4.o
                0x0000000008006ce0                vPortFree
 .text.prvHeapInit
                0x0000000008006d98       0xb8 ./common/ThirdParty/FreeRTOS/portable/MemMang/heap_4.o
 .text.prvInsertBlockIntoFreeList
                0x0000000008006e50       0xb4 ./common/ThirdParty/FreeRTOS/portable/MemMang/heap_4.o
 .text._cbSendSystemDesc
                0x0000000008006f04       0x1c ./common/ThirdParty/SEGGER/Config/SEGGER_SYSVIEW_Config_FreeRTOS.o
 .text.SEGGER_SYSVIEW_Conf
                0x0000000008006f20       0x2c ./common/ThirdParty/SEGGER/Config/SEGGER_SYSVIEW_Config_FreeRTOS.o
                0x0000000008006f20                SEGGER_SYSVIEW_Conf
 .text._cbSendTaskList
                0x0000000008006f4c       0x90 ./common/ThirdParty/SEGGER/OS/SEGGER_SYSVIEW_FreeRTOS.o
 .text._cbGetTime
                0x0000000008006fdc       0x86 ./common/ThirdParty/SEGGER/OS/SEGGER_SYSVIEW_FreeRTOS.o
 *fill*         0x0000000008007062        0x2 
 .text.SYSVIEW_AddTask
                0x0000000008007064       0xd0 ./common/ThirdParty/SEGGER/OS/SEGGER_SYSVIEW_FreeRTOS.o
                0x0000000008007064                SYSVIEW_AddTask
 .text.SYSVIEW_SendTaskInfo
                0x0000000008007134       0x42 ./common/ThirdParty/SEGGER/OS/SEGGER_SYSVIEW_FreeRTOS.o
                0x0000000008007134                SYSVIEW_SendTaskInfo
 *fill*         0x0000000008007176        0x2 
 .text.USART2_IRQHandler
                0x0000000008007178       0x94 ./common/ThirdParty/SEGGER/Rec/segger_uart.o
                0x0000000008007178                USART2_IRQHandler
 .text.HIF_UART_EnableTXEInterrupt
                0x000000000800720c       0x20 ./common/ThirdParty/SEGGER/Rec/segger_uart.o
                0x000000000800720c                HIF_UART_EnableTXEInterrupt
 .text._DoInit  0x000000000800722c       0xb0 ./common/ThirdParty/SEGGER/SEGGER/SEGGER_RTT.o
 .text.SEGGER_RTT_ReadNoLock
                0x00000000080072dc      0x10c ./common/ThirdParty/SEGGER/SEGGER/SEGGER_RTT.o
                0x00000000080072dc                SEGGER_RTT_ReadNoLock
 .text.SEGGER_RTT_AllocUpBuffer
                0x00000000080073e8      0x108 ./common/ThirdParty/SEGGER/SEGGER/SEGGER_RTT.o
                0x00000000080073e8                SEGGER_RTT_AllocUpBuffer
 .text.SEGGER_RTT_ConfigDownBuffer
                0x00000000080074f0       0xe0 ./common/ThirdParty/SEGGER/SEGGER/SEGGER_RTT.o
                0x00000000080074f0                SEGGER_RTT_ConfigDownBuffer
 .text._EncodeStr
                0x00000000080075d0       0x9a ./common/ThirdParty/SEGGER/SEGGER/SEGGER_SYSVIEW.o
 .text._PreparePacket
                0x000000000800766a       0x18 ./common/ThirdParty/SEGGER/SEGGER/SEGGER_SYSVIEW.o
 *fill*         0x0000000008007682        0x2 
 .text._HandleIncomingPacket
                0x0000000008007684       0xe0 ./common/ThirdParty/SEGGER/SEGGER/SEGGER_SYSVIEW.o
 .text._TrySendOverflowPacket
                0x0000000008007764       0xe8 ./common/ThirdParty/SEGGER/SEGGER/SEGGER_SYSVIEW.o
 .text._SendPacket
                0x000000000800784c      0x1d0 ./common/ThirdParty/SEGGER/SEGGER/SEGGER_SYSVIEW.o
 .text._StoreChar
                0x0000000008007a1c       0xf6 ./common/ThirdParty/SEGGER/SEGGER/SEGGER_SYSVIEW.o
 *fill*         0x0000000008007b12        0x2 
 .text._PrintUnsigned
                0x0000000008007b14      0x12c ./common/ThirdParty/SEGGER/SEGGER/SEGGER_SYSVIEW.o
 .text._PrintInt
                0x0000000008007c40      0x11e ./common/ThirdParty/SEGGER/SEGGER/SEGGER_SYSVIEW.o
 *fill*         0x0000000008007d5e        0x2 
 .text._VPrintTarget
                0x0000000008007d60      0x3f0 ./common/ThirdParty/SEGGER/SEGGER/SEGGER_SYSVIEW.o
 .text.SEGGER_SYSVIEW_Init
                0x0000000008008150       0x88 ./common/ThirdParty/SEGGER/SEGGER/SEGGER_SYSVIEW.o
                0x0000000008008150                SEGGER_SYSVIEW_Init
 .text.SEGGER_SYSVIEW_SetRAMBase
                0x00000000080081d8       0x20 ./common/ThirdParty/SEGGER/SEGGER/SEGGER_SYSVIEW.o
                0x00000000080081d8                SEGGER_SYSVIEW_SetRAMBase
 .text.SEGGER_SYSVIEW_RecordVoid
                0x00000000080081f8       0x3c ./common/ThirdParty/SEGGER/SEGGER/SEGGER_SYSVIEW.o
                0x00000000080081f8                SEGGER_SYSVIEW_RecordVoid
 .text.SEGGER_SYSVIEW_RecordU32
                0x0000000008008234       0x78 ./common/ThirdParty/SEGGER/SEGGER/SEGGER_SYSVIEW.o
                0x0000000008008234                SEGGER_SYSVIEW_RecordU32
 .text.SEGGER_SYSVIEW_RecordU32x2
                0x00000000080082ac       0xb4 ./common/ThirdParty/SEGGER/SEGGER/SEGGER_SYSVIEW.o
                0x00000000080082ac                SEGGER_SYSVIEW_RecordU32x2
 .text.SEGGER_SYSVIEW_RecordU32x4
                0x0000000008008360      0x124 ./common/ThirdParty/SEGGER/SEGGER/SEGGER_SYSVIEW.o
                0x0000000008008360                SEGGER_SYSVIEW_RecordU32x4
 .text.SEGGER_SYSVIEW_Start
                0x0000000008008484      0x178 ./common/ThirdParty/SEGGER/SEGGER/SEGGER_SYSVIEW.o
                0x0000000008008484                SEGGER_SYSVIEW_Start
 .text.SEGGER_SYSVIEW_Stop
                0x00000000080085fc       0x4c ./common/ThirdParty/SEGGER/SEGGER/SEGGER_SYSVIEW.o
                0x00000000080085fc                SEGGER_SYSVIEW_Stop
 .text.SEGGER_SYSVIEW_GetSysDesc
                0x0000000008008648      0x134 ./common/ThirdParty/SEGGER/SEGGER/SEGGER_SYSVIEW.o
                0x0000000008008648                SEGGER_SYSVIEW_GetSysDesc
 .text.SEGGER_SYSVIEW_SendTaskInfo
                0x000000000800877c      0x1c8 ./common/ThirdParty/SEGGER/SEGGER/SEGGER_SYSVIEW.o
                0x000000000800877c                SEGGER_SYSVIEW_SendTaskInfo
 .text.SEGGER_SYSVIEW_SendTaskList
                0x0000000008008944       0x28 ./common/ThirdParty/SEGGER/SEGGER/SEGGER_SYSVIEW.o
                0x0000000008008944                SEGGER_SYSVIEW_SendTaskList
 .text.SEGGER_SYSVIEW_SendSysDesc
                0x000000000800896c       0x48 ./common/ThirdParty/SEGGER/SEGGER/SEGGER_SYSVIEW.o
                0x000000000800896c                SEGGER_SYSVIEW_SendSysDesc
 .text.SEGGER_SYSVIEW_RecordSystime
                0x00000000080089b4       0x64 ./common/ThirdParty/SEGGER/SEGGER/SEGGER_SYSVIEW.o
                0x00000000080089b4                SEGGER_SYSVIEW_RecordSystime
 .text.SEGGER_SYSVIEW_OnIdle
                0x0000000008008a18       0x38 ./common/ThirdParty/SEGGER/SEGGER/SEGGER_SYSVIEW.o
                0x0000000008008a18                SEGGER_SYSVIEW_OnIdle
 .text.SEGGER_SYSVIEW_OnTaskCreate
                0x0000000008008a50       0x84 ./common/ThirdParty/SEGGER/SEGGER/SEGGER_SYSVIEW.o
                0x0000000008008a50                SEGGER_SYSVIEW_OnTaskCreate
 .text.SEGGER_SYSVIEW_OnTaskStartExec
                0x0000000008008ad4       0x84 ./common/ThirdParty/SEGGER/SEGGER/SEGGER_SYSVIEW.o
                0x0000000008008ad4                SEGGER_SYSVIEW_OnTaskStartExec
 .text.SEGGER_SYSVIEW_OnTaskStartReady
                0x0000000008008b58       0x84 ./common/ThirdParty/SEGGER/SEGGER/SEGGER_SYSVIEW.o
                0x0000000008008b58                SEGGER_SYSVIEW_OnTaskStartReady
 .text.SEGGER_SYSVIEW_OnTaskStopReady
                0x0000000008008bdc       0xc0 ./common/ThirdParty/SEGGER/SEGGER/SEGGER_SYSVIEW.o
                0x0000000008008bdc                SEGGER_SYSVIEW_OnTaskStopReady
 .text.SEGGER_SYSVIEW_ShrinkId
                0x0000000008008c9c       0x20 ./common/ThirdParty/SEGGER/SEGGER/SEGGER_SYSVIEW.o
                0x0000000008008c9c                SEGGER_SYSVIEW_ShrinkId
 .text.SEGGER_SYSVIEW_SendModule
                0x0000000008008cbc      0x100 ./common/ThirdParty/SEGGER/SEGGER/SEGGER_SYSVIEW.o
                0x0000000008008cbc                SEGGER_SYSVIEW_SendModule
 .text.SEGGER_SYSVIEW_SendModuleDescription
                0x0000000008008dbc       0x3c ./common/ThirdParty/SEGGER/SEGGER/SEGGER_SYSVIEW.o
                0x0000000008008dbc                SEGGER_SYSVIEW_SendModuleDescription
 .text.SEGGER_SYSVIEW_SendNumModules
                0x0000000008008df8       0x7c ./common/ThirdParty/SEGGER/SEGGER/SEGGER_SYSVIEW.o
                0x0000000008008df8                SEGGER_SYSVIEW_SendNumModules
 .text.SEGGER_SYSVIEW_PrintfTarget
                0x0000000008008e74       0x28 ./common/ThirdParty/SEGGER/SEGGER/SEGGER_SYSVIEW.o
                0x0000000008008e74                SEGGER_SYSVIEW_PrintfTarget
 .text.SEGGER_SYSVIEW_Warn
                0x0000000008008e9c       0xb8 ./common/ThirdParty/SEGGER/SEGGER/SEGGER_SYSVIEW.o
                0x0000000008008e9c                SEGGER_SYSVIEW_Warn
 .text.sprintf  0x0000000008008f54       0x40 C:/ST/STM32CubeIDE_1.13.2/STM32CubeIDE/plugins/com.st.stm32cube.ide.mcu.externaltools.gnu-tools-for-stm32.11.3.rel1.win32_1.1.1.202309131626/tools/bin/../lib/gcc/arm-none-eabi/11.3.1/../../../../arm-none-eabi/lib/thumb/v7e-m+fp/hard\libc_nano.a(libc_a-sprintf.o)
                0x0000000008008f54                siprintf
                0x0000000008008f54                sprintf
 .text.memcmp   0x0000000008008f94       0x20 C:/ST/STM32CubeIDE_1.13.2/STM32CubeIDE/plugins/com.st.stm32cube.ide.mcu.externaltools.gnu-tools-for-stm32.11.3.rel1.win32_1.1.1.202309131626/tools/bin/../lib/gcc/arm-none-eabi/11.3.1/../../../../arm-none-eabi/lib/thumb/v7e-m+fp/hard\libc_nano.a(libc_a-memcmp.o)
                0x0000000008008f94                memcmp
 .text.memset   0x0000000008008fb4       0x10 C:/ST/STM32CubeIDE_1.13.2/STM32CubeIDE/plugins/com.st.stm32cube.ide.mcu.externaltools.gnu-tools-for-stm32.11.3.rel1.win32_1.1.1.202309131626/tools/bin/../lib/gcc/arm-none-eabi/11.3.1/../../../../arm-none-eabi/lib/thumb/v7e-m+fp/hard\libc_nano.a(libc_a-memset.o)
                0x0000000008008fb4                memset
 .text.__errno  0x0000000008008fc4        0xc C:/ST/STM32CubeIDE_1.13.2/STM32CubeIDE/plugins/com.st.stm32cube.ide.mcu.externaltools.gnu-tools-for-stm32.11.3.rel1.win32_1.1.1.202309131626/tools/bin/../lib/gcc/arm-none-eabi/11.3.1/../../../../arm-none-eabi/lib/thumb/v7e-m+fp/hard\libc_nano.a(libc_a-errno.o)
                0x0000000008008fc4                __errno
 .text.__libc_init_array
                0x0000000008008fd0       0x48 C:/ST/STM32CubeIDE_1.13.2/STM32CubeIDE/plugins/com.st.stm32cube.ide.mcu.externaltools.gnu-tools-for-stm32.11.3.rel1.win32_1.1.1.202309131626/tools/bin/../lib/gcc/arm-none-eabi/11.3.1/../../../../arm-none-eabi/lib/thumb/v7e-m+fp/hard\libc_nano.a(libc_a-init.o)
                0x0000000008008fd0                __libc_init_array
 .text.__retarget_lock_acquire_recursive
                0x0000000008009018        0x2 C:/ST/STM32CubeIDE_1.13.2/STM32CubeIDE/plugins/com.st.stm32cube.ide.mcu.externaltools.gnu-tools-for-stm32.11.3.rel1.win32_1.1.1.202309131626/tools/bin/../lib/gcc/arm-none-eabi/11.3.1/../../../../arm-none-eabi/lib/thumb/v7e-m+fp/hard\libc_nano.a(libc_a-lock.o)
                0x0000000008009018                __retarget_lock_acquire_recursive
 .text.__retarget_lock_release_recursive
                0x000000000800901a        0x2 C:/ST/STM32CubeIDE_1.13.2/STM32CubeIDE/plugins/com.st.stm32cube.ide.mcu.externaltools.gnu-tools-for-stm32.11.3.rel1.win32_1.1.1.202309131626/tools/bin/../lib/gcc/arm-none-eabi/11.3.1/../../../../arm-none-eabi/lib/thumb/v7e-m+fp/hard\libc_nano.a(libc_a-lock.o)
                0x000000000800901a                __retarget_lock_release_recursive
 .text.memcpy   0x000000000800901c       0x1c C:/ST/STM32CubeIDE_1.13.2/STM32CubeIDE/plugins/com.st.stm32cube.ide.mcu.externaltools.gnu-tools-for-stm32.11.3.rel1.win32_1.1.1.202309131626/tools/bin/../lib/gcc/arm-none-eabi/11.3.1/../../../../arm-none-eabi/lib/thumb/v7e-m+fp/hard\libc_nano.a(libc_a-memcpy-stub.o)
                0x000000000800901c                memcpy
 .text._free_r  0x0000000008009038       0x98 C:/ST/STM32CubeIDE_1.13.2/STM32CubeIDE/plugins/com.st.stm32cube.ide.mcu.externaltools.gnu-tools-for-stm32.11.3.rel1.win32_1.1.1.202309131626/tools/bin/../lib/gcc/arm-none-eabi/11.3.1/../../../../arm-none-eabi/lib/thumb/v7e-m+fp/hard\libc_nano.a(libc_a-freer.o)
                0x0000000008009038                _free_r
 .text.sbrk_aligned
                0x00000000080090d0       0x40 C:/ST/STM32CubeIDE_1.13.2/STM32CubeIDE/plugins/com.st.stm32cube.ide.mcu.externaltools.gnu-tools-for-stm32.11.3.rel1.win32_1.1.1.202309131626/tools/bin/../lib/gcc/arm-none-eabi/11.3.1/../../../../arm-none-eabi/lib/thumb/v7e-m+fp/hard\libc_nano.a(libc_a-mallocr.o)
 .text._malloc_r
                0x0000000008009110      0x100 C:/ST/STM32CubeIDE_1.13.2/STM32CubeIDE/plugins/com.st.stm32cube.ide.mcu.externaltools.gnu-tools-for-stm32.11.3.rel1.win32_1.1.1.202309131626/tools/bin/../lib/gcc/arm-none-eabi/11.3.1/../../../../arm-none-eabi/lib/thumb/v7e-m+fp/hard\libc_nano.a(libc_a-mallocr.o)
                0x0000000008009110                _malloc_r
 .text.__malloc_lock
                0x0000000008009210        0xc C:/ST/STM32CubeIDE_1.13.2/STM32CubeIDE/plugins/com.st.stm32cube.ide.mcu.externaltools.gnu-tools-for-stm32.11.3.rel1.win32_1.1.1.202309131626/tools/bin/../lib/gcc/arm-none-eabi/11.3.1/../../../../arm-none-eabi/lib/thumb/v7e-m+fp/hard\libc_nano.a(libc_a-mlock.o)
                0x0000000008009210                __malloc_lock
 .text.__malloc_unlock
                0x000000000800921c        0xc C:/ST/STM32CubeIDE_1.13.2/STM32CubeIDE/plugins/com.st.stm32cube.ide.mcu.externaltools.gnu-tools-for-stm32.11.3.rel1.win32_1.1.1.202309131626/tools/bin/../lib/gcc/arm-none-eabi/11.3.1/../../../../arm-none-eabi/lib/thumb/v7e-m+fp/hard\libc_nano.a(libc_a-mlock.o)
                0x000000000800921c                __malloc_unlock
 .text.__ssputs_r
                0x0000000008009228       0xb4 C:/ST/STM32CubeIDE_1.13.2/STM32CubeIDE/plugins/com.st.stm32cube.ide.mcu.externaltools.gnu-tools-for-stm32.11.3.rel1.win32_1.1.1.202309131626/tools/bin/../lib/gcc/arm-none-eabi/11.3.1/../../../../arm-none-eabi/lib/thumb/v7e-m+fp/hard\libc_nano.a(libc_a-nano-svfprintf.o)
                0x0000000008009228                __ssputs_r
 .text._svfprintf_r
                0x00000000080092dc      0x1fc C:/ST/STM32CubeIDE_1.13.2/STM32CubeIDE/plugins/com.st.stm32cube.ide.mcu.externaltools.gnu-tools-for-stm32.11.3.rel1.win32_1.1.1.202309131626/tools/bin/../lib/gcc/arm-none-eabi/11.3.1/../../../../arm-none-eabi/lib/thumb/v7e-m+fp/hard\libc_nano.a(libc_a-nano-svfprintf.o)
                0x00000000080092dc                _svfiprintf_r
                0x00000000080092dc                _svfprintf_r
 .text._printf_common
                0x00000000080094d8       0xda C:/ST/STM32CubeIDE_1.13.2/STM32CubeIDE/plugins/com.st.stm32cube.ide.mcu.externaltools.gnu-tools-for-stm32.11.3.rel1.win32_1.1.1.202309131626/tools/bin/../lib/gcc/arm-none-eabi/11.3.1/../../../../arm-none-eabi/lib/thumb/v7e-m+fp/hard\libc_nano.a(libc_a-nano-vfprintf_i.o)
                0x00000000080094d8                _printf_common
 *fill*         0x00000000080095b2        0x2 
 .text._printf_i
                0x00000000080095b4      0x244 C:/ST/STM32CubeIDE_1.13.2/STM32CubeIDE/plugins/com.st.stm32cube.ide.mcu.externaltools.gnu-tools-for-stm32.11.3.rel1.win32_1.1.1.202309131626/tools/bin/../lib/gcc/arm-none-eabi/11.3.1/../../../../arm-none-eabi/lib/thumb/v7e-m+fp/hard\libc_nano.a(libc_a-nano-vfprintf_i.o)
                0x00000000080095b4                _printf_i
 .text.memmove  0x00000000080097f8       0x34 C:/ST/STM32CubeIDE_1.13.2/STM32CubeIDE/plugins/com.st.stm32cube.ide.mcu.externaltools.gnu-tools-for-stm32.11.3.rel1.win32_1.1.1.202309131626/tools/bin/../lib/gcc/arm-none-eabi/11.3.1/../../../../arm-none-eabi/lib/thumb/v7e-m+fp/hard\libc_nano.a(libc_a-memmove.o)
                0x00000000080097f8                memmove
 .text._sbrk_r  0x000000000800982c       0x20 C:/ST/STM32CubeIDE_1.13.2/STM32CubeIDE/plugins/com.st.stm32cube.ide.mcu.externaltools.gnu-tools-for-stm32.11.3.rel1.win32_1.1.1.202309131626/tools/bin/../lib/gcc/arm-none-eabi/11.3.1/../../../../arm-none-eabi/lib/thumb/v7e-m+fp/hard\libc_nano.a(libc_a-sbrkr.o)
                0x000000000800982c                _sbrk_r
 .text._realloc_r
                0x000000000800984c       0x5e C:/ST/STM32CubeIDE_1.13.2/STM32CubeIDE/plugins/com.st.stm32cube.ide.mcu.externaltools.gnu-tools-for-stm32.11.3.rel1.win32_1.1.1.202309131626/tools/bin/../lib/gcc/arm-none-eabi/11.3.1/../../../../arm-none-eabi/lib/thumb/v7e-m+fp/hard\libc_nano.a(libc_a-reallocr.o)
                0x000000000800984c                _realloc_r
 .text._malloc_usable_size_r
                0x00000000080098aa       0x10 C:/ST/STM32CubeIDE_1.13.2/STM32CubeIDE/plugins/com.st.stm32cube.ide.mcu.externaltools.gnu-tools-for-stm32.11.3.rel1.win32_1.1.1.202309131626/tools/bin/../lib/gcc/arm-none-eabi/11.3.1/../../../../arm-none-eabi/lib/thumb/v7e-m+fp/hard\libc_nano.a(libc_a-msizer.o)
                0x00000000080098aa                _malloc_usable_size_r
 *(.glue_7)
 .glue_7        0x00000000080098ba        0x0 linker stubs
 *(.glue_7t)
 .glue_7t       0x00000000080098ba        0x0 linker stubs
 *(.eh_frame)
 *fill*         0x00000000080098ba        0x2 
 .eh_frame      0x00000000080098bc        0x0 C:/ST/STM32CubeIDE_1.13.2/STM32CubeIDE/plugins/com.st.stm32cube.ide.mcu.externaltools.gnu-tools-for-stm32.11.3.rel1.win32_1.1.1.202309131626/tools/bin/../lib/gcc/arm-none-eabi/11.3.1/thumb/v7e-m+fp/hard/crtbegin.o
 *(.init)
 .init          0x00000000080098bc        0x4 C:/ST/STM32CubeIDE_1.13.2/STM32CubeIDE/plugins/com.st.stm32cube.ide.mcu.externaltools.gnu-tools-for-stm32.11.3.rel1.win32_1.1.1.202309131626/tools/bin/../lib/gcc/arm-none-eabi/11.3.1/thumb/v7e-m+fp/hard/crti.o
                0x00000000080098bc                _init
 .init          0x00000000080098c0        0x8 C:/ST/STM32CubeIDE_1.13.2/STM32CubeIDE/plugins/com.st.stm32cube.ide.mcu.externaltools.gnu-tools-for-stm32.11.3.rel1.win32_1.1.1.202309131626/tools/bin/../lib/gcc/arm-none-eabi/11.3.1/thumb/v7e-m+fp/hard/crtn.o
 *(.fini)
 .fini          0x00000000080098c8        0x4 C:/ST/STM32CubeIDE_1.13.2/STM32CubeIDE/plugins/com.st.stm32cube.ide.mcu.externaltools.gnu-tools-for-stm32.11.3.rel1.win32_1.1.1.202309131626/tools/bin/../lib/gcc/arm-none-eabi/11.3.1/thumb/v7e-m+fp/hard/crti.o
                0x00000000080098c8                _fini
 .fini          0x00000000080098cc        0x8 C:/ST/STM32CubeIDE_1.13.2/STM32CubeIDE/plugins/com.st.stm32cube.ide.mcu.externaltools.gnu-tools-for-stm32.11.3.rel1.win32_1.1.1.202309131626/tools/bin/../lib/gcc/arm-none-eabi/11.3.1/thumb/v7e-m+fp/hard/crtn.o
                0x00000000080098d4                . = ALIGN (0x4)
                0x00000000080098d4                _etext = .

.vfp11_veneer   0x00000000080098d4        0x0
 .vfp11_veneer  0x00000000080098d4        0x0 linker stubs

.v4_bx          0x00000000080098d4        0x0
 .v4_bx         0x00000000080098d4        0x0 linker stubs

.iplt           0x00000000080098d4        0x0
 .iplt          0x00000000080098d4        0x0 C:/ST/STM32CubeIDE_1.13.2/STM32CubeIDE/plugins/com.st.stm32cube.ide.mcu.externaltools.gnu-tools-for-stm32.11.3.rel1.win32_1.1.1.202309131626/tools/bin/../lib/gcc/arm-none-eabi/11.3.1/thumb/v7e-m+fp/hard/crtbegin.o

.rodata         0x00000000080098d4      0x1d4
                0x00000000080098d4                . = ALIGN (0x4)
 *(.rodata)
 .rodata        0x00000000080098d4       0x5b ./Core/Src/main.o
 *fill*         0x000000000800992f        0x1 
 .rodata        0x0000000008009930       0x2d ./Core/Src/task_handlers.o
 *fill*         0x000000000800995d        0x3 
 .rodata        0x0000000008009960        0x5 ./common/ThirdParty/FreeRTOS/tasks.o
 *fill*         0x0000000008009965        0x3 
 .rodata        0x0000000008009968        0xd ./common/ThirdParty/FreeRTOS/timers.o
 *fill*         0x0000000008009975        0x3 
 .rodata        0x0000000008009978       0x45 ./common/ThirdParty/SEGGER/Config/SEGGER_SYSVIEW_Config_FreeRTOS.o
 *fill*         0x00000000080099bd        0x3 
 .rodata        0x00000000080099c0       0x58 ./common/ThirdParty/SEGGER/OS/SEGGER_SYSVIEW_FreeRTOS.o
 .rodata        0x0000000008009a18       0x17 ./common/ThirdParty/SEGGER/SEGGER/SEGGER_RTT.o
 *fill*         0x0000000008009a2f        0x1 
 .rodata        0x0000000008009a30        0x8 ./common/ThirdParty/SEGGER/SEGGER/SEGGER_SYSVIEW.o
 *(.rodata*)
 .rodata.AHBPrescTable
                0x0000000008009a38       0x10 ./Core/Src/system_stm32f4xx.o
                0x0000000008009a38                AHBPrescTable
 .rodata.APBPrescTable
                0x0000000008009a48        0x8 ./Core/Src/system_stm32f4xx.o
                0x0000000008009a48                APBPrescTable
 .rodata.SYSVIEW_X_OS_TraceAPI
                0x0000000008009a50        0x8 ./common/ThirdParty/SEGGER/OS/SEGGER_SYSVIEW_FreeRTOS.o
                0x0000000008009a50                SYSVIEW_X_OS_TraceAPI
 .rodata._abSync
                0x0000000008009a58        0xa ./common/ThirdParty/SEGGER/SEGGER/SEGGER_SYSVIEW.o
 *fill*         0x0000000008009a62        0x2 
 .rodata._aV2C.0
                0x0000000008009a64       0x10 ./common/ThirdParty/SEGGER/SEGGER/SEGGER_SYSVIEW.o
 .rodata._svfprintf_r.str1.1
                0x0000000008009a74       0x11 C:/ST/STM32CubeIDE_1.13.2/STM32CubeIDE/plugins/com.st.stm32cube.ide.mcu.externaltools.gnu-tools-for-stm32.11.3.rel1.win32_1.1.1.202309131626/tools/bin/../lib/gcc/arm-none-eabi/11.3.1/../../../../arm-none-eabi/lib/thumb/v7e-m+fp/hard\libc_nano.a(libc_a-nano-svfprintf.o)
 .rodata._printf_i.str1.1
                0x0000000008009a85       0x22 C:/ST/STM32CubeIDE_1.13.2/STM32CubeIDE/plugins/com.st.stm32cube.ide.mcu.externaltools.gnu-tools-for-stm32.11.3.rel1.win32_1.1.1.202309131626/tools/bin/../lib/gcc/arm-none-eabi/11.3.1/../../../../arm-none-eabi/lib/thumb/v7e-m+fp/hard\libc_nano.a(libc_a-nano-vfprintf_i.o)
                0x0000000008009aa8                . = ALIGN (0x4)
 *fill*         0x0000000008009aa7        0x1 

.ARM.extab      0x0000000008009aa8        0x0
                0x0000000008009aa8                . = ALIGN (0x4)
 *(.ARM.extab* .gnu.linkonce.armextab.*)
                0x0000000008009aa8                . = ALIGN (0x4)

.ARM            0x0000000008009aa8        0x8
                0x0000000008009aa8                . = ALIGN (0x4)
                0x0000000008009aa8                __exidx_start = .
 *(.ARM.exidx*)
 .ARM.exidx     0x0000000008009aa8        0x8 C:/ST/STM32CubeIDE_1.13.2/STM32CubeIDE/plugins/com.st.stm32cube.ide.mcu.externaltools.gnu-tools-for-stm32.11.3.rel1.win32_1.1.1.202309131626/tools/bin/../lib/gcc/arm-none-eabi/11.3.1/thumb/v7e-m+fp/hard\libgcc.a(_udivmoddi4.o)
                0x0000000008009ab0                __exidx_end = .
                0x0000000008009ab0                . = ALIGN (0x4)

.rel.dyn        0x0000000008009ab0        0x0
 .rel.iplt      0x0000000008009ab0        0x0 C:/ST/STM32CubeIDE_1.13.2/STM32CubeIDE/plugins/com.st.stm32cube.ide.mcu.externaltools.gnu-tools-for-stm32.11.3.rel1.win32_1.1.1.202309131626/tools/bin/../lib/gcc/arm-none-eabi/11.3.1/thumb/v7e-m+fp/hard/crtbegin.o

.preinit_array  0x0000000008009ab0        0x0
                0x0000000008009ab0                . = ALIGN (0x4)
                0x0000000008009ab0                PROVIDE (__preinit_array_start = .)
 *(.preinit_array*)
                0x0000000008009ab0                PROVIDE (__preinit_array_end = .)
                0x0000000008009ab0                . = ALIGN (0x4)

.init_array     0x0000000008009ab0        0x4
                0x0000000008009ab0                . = ALIGN (0x4)
                0x0000000008009ab0                PROVIDE (__init_array_start = .)
 *(SORT_BY_NAME(.init_array.*))
 *(.init_array*)
 .init_array    0x0000000008009ab0        0x4 C:/ST/STM32CubeIDE_1.13.2/STM32CubeIDE/plugins/com.st.stm32cube.ide.mcu.externaltools.gnu-tools-for-stm32.11.3.rel1.win32_1.1.1.202309131626/tools/bin/../lib/gcc/arm-none-eabi/11.3.1/thumb/v7e-m+fp/hard/crtbegin.o
                0x0000000008009ab4                PROVIDE (__init_array_end = .)
                0x0000000008009ab4                . = ALIGN (0x4)

.fini_array     0x0000000008009ab4        0x4
                0x0000000008009ab4                . = ALIGN (0x4)
                [!provide]                        PROVIDE (__fini_array_start = .)
 *(SORT_BY_NAME(.fini_array.*))
 *(.fini_array*)
 .fini_array    0x0000000008009ab4        0x4 C:/ST/STM32CubeIDE_1.13.2/STM32CubeIDE/plugins/com.st.stm32cube.ide.mcu.externaltools.gnu-tools-for-stm32.11.3.rel1.win32_1.1.1.202309131626/tools/bin/../lib/gcc/arm-none-eabi/11.3.1/thumb/v7e-m+fp/hard/crtbegin.o
                [!provide]                        PROVIDE (__fini_array_end = .)
                0x0000000008009ab8                . = ALIGN (0x4)
                0x0000000008009ab8                _sidata = LOADADDR (.data)

.data           0x0000000020000000       0x70 load address 0x0000000008009ab8
                0x0000000020000000                . = ALIGN (0x4)
                0x0000000020000000                _sdata = .
 *(.data)
 *(.data*)
 .data.SystemCoreClock
                0x0000000020000000        0x4 ./Core/Src/system_stm32f4xx.o
                0x0000000020000000                SystemCoreClock
 .data.str.4    0x0000000020000004        0x4 ./Core/Src/task_handlers.o
 .data.str.2    0x0000000020000008        0x4 ./Core/Src/task_handlers.o
 .data.str.0    0x000000002000000c        0x4 ./Core/Src/task_handlers.o
 .data.uwTickPrio
                0x0000000020000010        0x4 ./Drivers/STM32F4xx_HAL_Driver/Src/stm32f4xx_hal.o
                0x0000000020000010                uwTickPrio
 .data.uwTickFreq
                0x0000000020000014        0x1 ./Drivers/STM32F4xx_HAL_Driver/Src/stm32f4xx_hal.o
                0x0000000020000014                uwTickFreq
 *fill*         0x0000000020000015        0x3 
 .data.uxTopUsedPriority
                0x0000000020000018        0x4 ./common/ThirdParty/FreeRTOS/tasks.o
                0x0000000020000018                uxTopUsedPriority
 .data.uxCriticalNesting
                0x000000002000001c        0x4 ./common/ThirdParty/FreeRTOS/portable/GCC/ARM_CM4F/port.o
 .data._impure_data
                0x0000000020000020       0x4c C:/ST/STM32CubeIDE_1.13.2/STM32CubeIDE/plugins/com.st.stm32cube.ide.mcu.externaltools.gnu-tools-for-stm32.11.3.rel1.win32_1.1.1.202309131626/tools/bin/../lib/gcc/arm-none-eabi/11.3.1/../../../../arm-none-eabi/lib/thumb/v7e-m+fp/hard\libc_nano.a(libc_a-impure.o)
                0x0000000020000020                _impure_data
 .data._impure_ptr
                0x000000002000006c        0x4 C:/ST/STM32CubeIDE_1.13.2/STM32CubeIDE/plugins/com.st.stm32cube.ide.mcu.externaltools.gnu-tools-for-stm32.11.3.rel1.win32_1.1.1.202309131626/tools/bin/../lib/gcc/arm-none-eabi/11.3.1/../../../../arm-none-eabi/lib/thumb/v7e-m+fp/hard\libc_nano.a(libc_a-impure.o)
                0x000000002000006c                _impure_ptr
 *(.RamFunc)
 *(.RamFunc*)
                0x0000000020000070                . = ALIGN (0x4)
                0x0000000020000070                _edata = .

.igot.plt       0x0000000020000070        0x0 load address 0x0000000008009b28
 .igot.plt      0x0000000020000070        0x0 C:/ST/STM32CubeIDE_1.13.2/STM32CubeIDE/plugins/com.st.stm32cube.ide.mcu.externaltools.gnu-tools-for-stm32.11.3.rel1.win32_1.1.1.202309131626/tools/bin/../lib/gcc/arm-none-eabi/11.3.1/thumb/v7e-m+fp/hard/crtbegin.o
                0x0000000020000070                . = ALIGN (0x4)

.bss            0x0000000020000070    0x14744 load address 0x0000000008009b28
                0x0000000020000070                _sbss = .
                0x0000000020000070                __bss_start__ = _sbss
 *(.bss)
 .bss           0x0000000020000070       0x1c C:/ST/STM32CubeIDE_1.13.2/STM32CubeIDE/plugins/com.st.stm32cube.ide.mcu.externaltools.gnu-tools-for-stm32.11.3.rel1.win32_1.1.1.202309131626/tools/bin/../lib/gcc/arm-none-eabi/11.3.1/thumb/v7e-m+fp/hard/crtbegin.o
 *(.bss*)
 .bss.hrtc      0x000000002000008c       0x20 ./Core/Src/main.o
                0x000000002000008c                hrtc
 .bss.htim1     0x00000000200000ac       0x48 ./Core/Src/main.o
                0x00000000200000ac                htim1
 .bss.printTaskHandle
                0x00000000200000f4        0x4 ./Core/Src/main.o
                0x00000000200000f4                printTaskHandle
 .bss.startTimerTaskHandle
                0x00000000200000f8        0x4 ./Core/Src/main.o
                0x00000000200000f8                startTimerTaskHandle
 .bss.rtcUpdateTaskHandle
                0x00000000200000fc        0x4 ./Core/Src/main.o
                0x00000000200000fc                rtcUpdateTaskHandle
 .bss.rtcSetTaskHandle
                0x0000000020000100        0x4 ./Core/Src/main.o
                0x0000000020000100                rtcSetTaskHandle
 .bss.alarmSetTaskHandle
                0x0000000020000104        0x4 ./Core/Src/main.o
                0x0000000020000104                alarmSetTaskHandle
 .bss.printQueueHandle
                0x0000000020000108        0x4 ./Core/Src/main.o
                0x0000000020000108                printQueueHandle
 .bss.printTimerHandle
                0x000000002000010c        0x4 ./Core/Src/main.o
                0x000000002000010c                printTimerHandle
 .bss.currMode  0x0000000020000110        0x1 ./Core/Src/main.o
                0x0000000020000110                currMode
 .bss.currSet   0x0000000020000111        0x1 ./Core/Src/main.o
                0x0000000020000111                currSet
 *fill*         0x0000000020000112        0x2 
 .bss.rtcDate   0x0000000020000114        0x4 ./Core/Src/main.o
                0x0000000020000114                rtcDate
 .bss.rtcTime   0x0000000020000118       0x14 ./Core/Src/main.o
                0x0000000020000118                rtcTime
 .bss.setDate   0x000000002000012c        0x4 ./Core/Src/main.o
                0x000000002000012c                setDate
 .bss.setTime   0x0000000020000130       0x14 ./Core/Src/main.o
                0x0000000020000130                setTime
 .bss.rtcAlarm  0x0000000020000144       0x28 ./Core/Src/main.o
                0x0000000020000144                rtcAlarm
 .bss.htim5     0x000000002000016c       0x48 ./Core/Src/stm32f4xx_hal_timebase_tim.o
                0x000000002000016c                htim5
 .bss.__sbrk_heap_end
                0x00000000200001b4        0x4 ./Core/Src/sysmem.o
 .bss.strBuffer.5
                0x00000000200001b8       0x28 ./Core/Src/task_handlers.o
 .bss.strBuffer.3
                0x00000000200001e0       0x28 ./Core/Src/task_handlers.o
 .bss.strBuffer.1
                0x0000000020000208       0x28 ./Core/Src/task_handlers.o
 .bss.uwTick    0x0000000020000230        0x4 ./Drivers/STM32F4xx_HAL_Driver/Src/stm32f4xx_hal.o
                0x0000000020000230                uwTick
 .bss.xQueueRegistry
                0x0000000020000234       0x40 ./common/ThirdParty/FreeRTOS/queue.o
                0x0000000020000234                xQueueRegistry
 .bss.pxCurrentTCB
                0x0000000020000274        0x4 ./common/ThirdParty/FreeRTOS/tasks.o
                0x0000000020000274                pxCurrentTCB
 .bss.pxReadyTasksLists
                0x0000000020000278       0x78 ./common/ThirdParty/FreeRTOS/tasks.o
 .bss.xDelayedTaskList1
                0x00000000200002f0       0x14 ./common/ThirdParty/FreeRTOS/tasks.o
 .bss.xDelayedTaskList2
                0x0000000020000304       0x14 ./common/ThirdParty/FreeRTOS/tasks.o
 .bss.pxDelayedTaskList
                0x0000000020000318        0x4 ./common/ThirdParty/FreeRTOS/tasks.o
 .bss.pxOverflowDelayedTaskList
                0x000000002000031c        0x4 ./common/ThirdParty/FreeRTOS/tasks.o
 .bss.xPendingReadyList
                0x0000000020000320       0x14 ./common/ThirdParty/FreeRTOS/tasks.o
 .bss.xTasksWaitingTermination
                0x0000000020000334       0x14 ./common/ThirdParty/FreeRTOS/tasks.o
 .bss.uxDeletedTasksWaitingCleanUp
                0x0000000020000348        0x4 ./common/ThirdParty/FreeRTOS/tasks.o
 .bss.xSuspendedTaskList
                0x000000002000034c       0x14 ./common/ThirdParty/FreeRTOS/tasks.o
 .bss.uxCurrentNumberOfTasks
                0x0000000020000360        0x4 ./common/ThirdParty/FreeRTOS/tasks.o
 .bss.xTickCount
                0x0000000020000364        0x4 ./common/ThirdParty/FreeRTOS/tasks.o
 .bss.uxTopReadyPriority
                0x0000000020000368        0x4 ./common/ThirdParty/FreeRTOS/tasks.o
 .bss.xSchedulerRunning
                0x000000002000036c        0x4 ./common/ThirdParty/FreeRTOS/tasks.o
 .bss.xPendedTicks
                0x0000000020000370        0x4 ./common/ThirdParty/FreeRTOS/tasks.o
 .bss.xYieldPending
                0x0000000020000374        0x4 ./common/ThirdParty/FreeRTOS/tasks.o
 .bss.xNumOfOverflows
                0x0000000020000378        0x4 ./common/ThirdParty/FreeRTOS/tasks.o
 .bss.uxTaskNumber
                0x000000002000037c        0x4 ./common/ThirdParty/FreeRTOS/tasks.o
 .bss.xNextTaskUnblockTime
                0x0000000020000380        0x4 ./common/ThirdParty/FreeRTOS/tasks.o
 .bss.xIdleTaskHandle
                0x0000000020000384        0x4 ./common/ThirdParty/FreeRTOS/tasks.o
 .bss.uxSchedulerSuspended
                0x0000000020000388        0x4 ./common/ThirdParty/FreeRTOS/tasks.o
 .bss.xActiveTimerList1
                0x000000002000038c       0x14 ./common/ThirdParty/FreeRTOS/timers.o
 .bss.xActiveTimerList2
                0x00000000200003a0       0x14 ./common/ThirdParty/FreeRTOS/timers.o
 .bss.pxCurrentTimerList
                0x00000000200003b4        0x4 ./common/ThirdParty/FreeRTOS/timers.o
 .bss.pxOverflowTimerList
                0x00000000200003b8        0x4 ./common/ThirdParty/FreeRTOS/timers.o
 .bss.xTimerQueue
                0x00000000200003bc        0x4 ./common/ThirdParty/FreeRTOS/timers.o
 .bss.xTimerTaskHandle
                0x00000000200003c0        0x4 ./common/ThirdParty/FreeRTOS/timers.o
 .bss.xLastTime.0
                0x00000000200003c4        0x4 ./common/ThirdParty/FreeRTOS/timers.o
 .bss.ucMaxSysCallPriority
                0x00000000200003c8        0x1 ./common/ThirdParty/FreeRTOS/portable/GCC/ARM_CM4F/port.o
 *fill*         0x00000000200003c9        0x3 
 .bss.ulMaxPRIGROUPValue
                0x00000000200003cc        0x4 ./common/ThirdParty/FreeRTOS/portable/GCC/ARM_CM4F/port.o
 .bss.ucHeap    0x00000000200003d0    0x12c00 ./common/ThirdParty/FreeRTOS/portable/MemMang/heap_4.o
 .bss.xStart    0x0000000020012fd0        0x8 ./common/ThirdParty/FreeRTOS/portable/MemMang/heap_4.o
 .bss.pxEnd     0x0000000020012fd8        0x4 ./common/ThirdParty/FreeRTOS/portable/MemMang/heap_4.o
 .bss.xFreeBytesRemaining
                0x0000000020012fdc        0x4 ./common/ThirdParty/FreeRTOS/portable/MemMang/heap_4.o
 .bss.xMinimumEverFreeBytesRemaining
                0x0000000020012fe0        0x4 ./common/ThirdParty/FreeRTOS/portable/MemMang/heap_4.o
 .bss.xNumberOfSuccessfulAllocations
                0x0000000020012fe4        0x4 ./common/ThirdParty/FreeRTOS/portable/MemMang/heap_4.o
 .bss.xNumberOfSuccessfulFrees
                0x0000000020012fe8        0x4 ./common/ThirdParty/FreeRTOS/portable/MemMang/heap_4.o
 .bss._aTasks   0x0000000020012fec       0xa0 ./common/ThirdParty/SEGGER/OS/SEGGER_SYSVIEW_FreeRTOS.o
 .bss._NumTasks
                0x000000002001308c        0x4 ./common/ThirdParty/SEGGER/OS/SEGGER_SYSVIEW_FreeRTOS.o
 .bss._cbOnRx   0x0000000020013090        0x4 ./common/ThirdParty/SEGGER/Rec/segger_uart.o
 .bss._cbOnTx   0x0000000020013094        0x4 ./common/ThirdParty/SEGGER/Rec/segger_uart.o
 .bss._SEGGER_RTT
                0x0000000020013098       0xa8 ./common/ThirdParty/SEGGER/SEGGER/SEGGER_RTT.o
                0x0000000020013098                _SEGGER_RTT
 .bss._acUpBuffer
                0x0000000020013140      0x400 ./common/ThirdParty/SEGGER/SEGGER/SEGGER_RTT.o
 .bss._acDownBuffer
                0x0000000020013540       0x10 ./common/ThirdParty/SEGGER/SEGGER/SEGGER_RTT.o
 .bss._UpBuffer
                0x0000000020013550     0x1000 ./common/ThirdParty/SEGGER/SEGGER/SEGGER_SYSVIEW.o
 .bss._DownBuffer
                0x0000000020014550        0x8 ./common/ThirdParty/SEGGER/SEGGER/SEGGER_SYSVIEW.o
 .bss._SYSVIEW_Globals
                0x0000000020014558       0x28 ./common/ThirdParty/SEGGER/SEGGER/SEGGER_SYSVIEW.o
 .bss._pFirstModule
                0x0000000020014580        0x4 ./common/ThirdParty/SEGGER/SEGGER/SEGGER_SYSVIEW.o
 .bss._NumModules
                0x0000000020014584        0x1 ./common/ThirdParty/SEGGER/SEGGER/SEGGER_SYSVIEW.o
 *fill*         0x0000000020014585        0x3 
 .bss._aPacket  0x0000000020014588       0xe3 ./common/ThirdParty/SEGGER/SEGGER/SEGGER_SYSVIEW.o
 *fill*         0x000000002001466b        0x1 
 .bss.__sf      0x000000002001466c      0x138 C:/ST/STM32CubeIDE_1.13.2/STM32CubeIDE/plugins/com.st.stm32cube.ide.mcu.externaltools.gnu-tools-for-stm32.11.3.rel1.win32_1.1.1.202309131626/tools/bin/../lib/gcc/arm-none-eabi/11.3.1/../../../../arm-none-eabi/lib/thumb/v7e-m+fp/hard\libc_nano.a(libc_a-findfp.o)
                0x000000002001466c                __sf
 .bss.errno     0x00000000200147a4        0x4 C:/ST/STM32CubeIDE_1.13.2/STM32CubeIDE/plugins/com.st.stm32cube.ide.mcu.externaltools.gnu-tools-for-stm32.11.3.rel1.win32_1.1.1.202309131626/tools/bin/../lib/gcc/arm-none-eabi/11.3.1/../../../../arm-none-eabi/lib/thumb/v7e-m+fp/hard\libc_nano.a(libc_a-reent.o)
                0x00000000200147a4                errno
 .bss.__lock___malloc_recursive_mutex
                0x00000000200147a8        0x1 C:/ST/STM32CubeIDE_1.13.2/STM32CubeIDE/plugins/com.st.stm32cube.ide.mcu.externaltools.gnu-tools-for-stm32.11.3.rel1.win32_1.1.1.202309131626/tools/bin/../lib/gcc/arm-none-eabi/11.3.1/../../../../arm-none-eabi/lib/thumb/v7e-m+fp/hard\libc_nano.a(libc_a-lock.o)
                0x00000000200147a8                __lock___malloc_recursive_mutex
 *fill*         0x00000000200147a9        0x3 
 .bss.__malloc_free_list
                0x00000000200147ac        0x4 C:/ST/STM32CubeIDE_1.13.2/STM32CubeIDE/plugins/com.st.stm32cube.ide.mcu.externaltools.gnu-tools-for-stm32.11.3.rel1.win32_1.1.1.202309131626/tools/bin/../lib/gcc/arm-none-eabi/11.3.1/../../../../arm-none-eabi/lib/thumb/v7e-m+fp/hard\libc_nano.a(libc_a-mallocr.o)
                0x00000000200147ac                __malloc_free_list
 .bss.__malloc_sbrk_start
                0x00000000200147b0        0x4 C:/ST/STM32CubeIDE_1.13.2/STM32CubeIDE/plugins/com.st.stm32cube.ide.mcu.externaltools.gnu-tools-for-stm32.11.3.rel1.win32_1.1.1.202309131626/tools/bin/../lib/gcc/arm-none-eabi/11.3.1/../../../../arm-none-eabi/lib/thumb/v7e-m+fp/hard\libc_nano.a(libc_a-mallocr.o)
                0x00000000200147b0                __malloc_sbrk_start
 *(COMMON)
                0x00000000200147b4                . = ALIGN (0x4)
                0x00000000200147b4                _ebss = .
                0x00000000200147b4                __bss_end__ = _ebss

._user_heap_stack
                0x00000000200147b4      0x604 load address 0x0000000008009b28
                0x00000000200147b8                . = ALIGN (0x8)
 *fill*         0x00000000200147b4        0x4 
                [!provide]                        PROVIDE (end = .)
                0x00000000200147b8                PROVIDE (_end = .)
                0x00000000200149b8                . = (. + _Min_Heap_Size)
 *fill*         0x00000000200147b8      0x200 
                0x0000000020014db8                . = (. + _Min_Stack_Size)
 *fill*         0x00000000200149b8      0x400 
                0x0000000020014db8                . = ALIGN (0x8)

/DISCARD/
 libc.a(*)
 libm.a(*)
 libgcc.a(*)

.ARM.attributes
                0x0000000000000000       0x30
 *(.ARM.attributes)
 .ARM.attributes
                0x0000000000000000       0x1e C:/ST/STM32CubeIDE_1.13.2/STM32CubeIDE/plugins/com.st.stm32cube.ide.mcu.externaltools.gnu-tools-for-stm32.11.3.rel1.win32_1.1.1.202309131626/tools/bin/../lib/gcc/arm-none-eabi/11.3.1/thumb/v7e-m+fp/hard/crti.o
 .ARM.attributes
                0x000000000000001e       0x34 C:/ST/STM32CubeIDE_1.13.2/STM32CubeIDE/plugins/com.st.stm32cube.ide.mcu.externaltools.gnu-tools-for-stm32.11.3.rel1.win32_1.1.1.202309131626/tools/bin/../lib/gcc/arm-none-eabi/11.3.1/thumb/v7e-m+fp/hard/crtbegin.o
 .ARM.attributes
                0x0000000000000052       0x34 ./Core/Src/lcd1602.o
 .ARM.attributes
                0x0000000000000086       0x34 ./Core/Src/main.o
 .ARM.attributes
                0x00000000000000ba       0x34 ./Core/Src/stm32f4xx_hal_msp.o
 .ARM.attributes
                0x00000000000000ee       0x34 ./Core/Src/stm32f4xx_hal_timebase_tim.o
 .ARM.attributes
                0x0000000000000122       0x34 ./Core/Src/stm32f4xx_it.o
 .ARM.attributes
                0x0000000000000156       0x34 ./Core/Src/sysmem.o
 .ARM.attributes
                0x000000000000018a       0x34 ./Core/Src/system_stm32f4xx.o
 .ARM.attributes
                0x00000000000001be       0x34 ./Core/Src/task_handlers.o
 .ARM.attributes
                0x00000000000001f2       0x21 ./Core/Startup/startup_stm32f401retx.o
 .ARM.attributes
                0x0000000000000213       0x34 ./Drivers/STM32F4xx_HAL_Driver/Src/stm32f4xx_hal.o
 .ARM.attributes
                0x0000000000000247       0x34 ./Drivers/STM32F4xx_HAL_Driver/Src/stm32f4xx_hal_cortex.o
 .ARM.attributes
                0x000000000000027b       0x34 ./Drivers/STM32F4xx_HAL_Driver/Src/stm32f4xx_hal_gpio.o
 .ARM.attributes
                0x00000000000002af       0x34 ./Drivers/STM32F4xx_HAL_Driver/Src/stm32f4xx_hal_rcc.o
 .ARM.attributes
                0x00000000000002e3       0x34 ./Drivers/STM32F4xx_HAL_Driver/Src/stm32f4xx_hal_rcc_ex.o
 .ARM.attributes
                0x0000000000000317       0x34 ./Drivers/STM32F4xx_HAL_Driver/Src/stm32f4xx_hal_rtc.o
 .ARM.attributes
                0x000000000000034b       0x34 ./Drivers/STM32F4xx_HAL_Driver/Src/stm32f4xx_hal_rtc_ex.o
 .ARM.attributes
                0x000000000000037f       0x34 ./Drivers/STM32F4xx_HAL_Driver/Src/stm32f4xx_hal_tim.o
 .ARM.attributes
                0x00000000000003b3       0x34 ./Drivers/STM32F4xx_HAL_Driver/Src/stm32f4xx_hal_tim_ex.o
 .ARM.attributes
                0x00000000000003e7       0x34 ./common/ThirdParty/FreeRTOS/list.o
 .ARM.attributes
                0x000000000000041b       0x34 ./common/ThirdParty/FreeRTOS/queue.o
 .ARM.attributes
                0x000000000000044f       0x34 ./common/ThirdParty/FreeRTOS/tasks.o
 .ARM.attributes
                0x0000000000000483       0x34 ./common/ThirdParty/FreeRTOS/timers.o
 .ARM.attributes
                0x00000000000004b7       0x34 ./common/ThirdParty/FreeRTOS/portable/GCC/ARM_CM4F/port.o
 .ARM.attributes
                0x00000000000004eb       0x34 ./common/ThirdParty/FreeRTOS/portable/MemMang/heap_4.o
 .ARM.attributes
                0x000000000000051f       0x34 ./common/ThirdParty/SEGGER/Config/SEGGER_SYSVIEW_Config_FreeRTOS.o
 .ARM.attributes
                0x0000000000000553       0x34 ./common/ThirdParty/SEGGER/OS/SEGGER_SYSVIEW_FreeRTOS.o
 .ARM.attributes
                0x0000000000000587       0x34 ./common/ThirdParty/SEGGER/Rec/segger_uart.o
 .ARM.attributes
                0x00000000000005bb       0x34 ./common/ThirdParty/SEGGER/SEGGER/SEGGER_RTT.o
 .ARM.attributes
                0x00000000000005ef       0x20 ./common/ThirdParty/SEGGER/SEGGER/SEGGER_RTT_ASM_ARMv7M.o
 .ARM.attributes
                0x000000000000060f       0x34 ./common/ThirdParty/SEGGER/SEGGER/SEGGER_SYSVIEW.o
 .ARM.attributes
                0x0000000000000643       0x34 C:/ST/STM32CubeIDE_1.13.2/STM32CubeIDE/plugins/com.st.stm32cube.ide.mcu.externaltools.gnu-tools-for-stm32.11.3.rel1.win32_1.1.1.202309131626/tools/bin/../lib/gcc/arm-none-eabi/11.3.1/../../../../arm-none-eabi/lib/thumb/v7e-m+fp/hard\libc_nano.a(libc_a-findfp.o)
 .ARM.attributes
                0x0000000000000677       0x34 C:/ST/STM32CubeIDE_1.13.2/STM32CubeIDE/plugins/com.st.stm32cube.ide.mcu.externaltools.gnu-tools-for-stm32.11.3.rel1.win32_1.1.1.202309131626/tools/bin/../lib/gcc/arm-none-eabi/11.3.1/../../../../arm-none-eabi/lib/thumb/v7e-m+fp/hard\libc_nano.a(libc_a-sprintf.o)
 .ARM.attributes
                0x00000000000006ab       0x34 C:/ST/STM32CubeIDE_1.13.2/STM32CubeIDE/plugins/com.st.stm32cube.ide.mcu.externaltools.gnu-tools-for-stm32.11.3.rel1.win32_1.1.1.202309131626/tools/bin/../lib/gcc/arm-none-eabi/11.3.1/../../../../arm-none-eabi/lib/thumb/v7e-m+fp/hard\libc_nano.a(libc_a-memcmp.o)
 .ARM.attributes
                0x00000000000006df       0x34 C:/ST/STM32CubeIDE_1.13.2/STM32CubeIDE/plugins/com.st.stm32cube.ide.mcu.externaltools.gnu-tools-for-stm32.11.3.rel1.win32_1.1.1.202309131626/tools/bin/../lib/gcc/arm-none-eabi/11.3.1/../../../../arm-none-eabi/lib/thumb/v7e-m+fp/hard\libc_nano.a(libc_a-memset.o)
 .ARM.attributes
                0x0000000000000713       0x34 C:/ST/STM32CubeIDE_1.13.2/STM32CubeIDE/plugins/com.st.stm32cube.ide.mcu.externaltools.gnu-tools-for-stm32.11.3.rel1.win32_1.1.1.202309131626/tools/bin/../lib/gcc/arm-none-eabi/11.3.1/../../../../arm-none-eabi/lib/thumb/v7e-m+fp/hard\libc_nano.a(libc_a-reent.o)
 .ARM.attributes
                0x0000000000000747       0x34 C:/ST/STM32CubeIDE_1.13.2/STM32CubeIDE/plugins/com.st.stm32cube.ide.mcu.externaltools.gnu-tools-for-stm32.11.3.rel1.win32_1.1.1.202309131626/tools/bin/../lib/gcc/arm-none-eabi/11.3.1/../../../../arm-none-eabi/lib/thumb/v7e-m+fp/hard\libc_nano.a(libc_a-impure.o)
 .ARM.attributes
                0x000000000000077b       0x34 C:/ST/STM32CubeIDE_1.13.2/STM32CubeIDE/plugins/com.st.stm32cube.ide.mcu.externaltools.gnu-tools-for-stm32.11.3.rel1.win32_1.1.1.202309131626/tools/bin/../lib/gcc/arm-none-eabi/11.3.1/../../../../arm-none-eabi/lib/thumb/v7e-m+fp/hard\libc_nano.a(libc_a-errno.o)
 .ARM.attributes
                0x00000000000007af       0x34 C:/ST/STM32CubeIDE_1.13.2/STM32CubeIDE/plugins/com.st.stm32cube.ide.mcu.externaltools.gnu-tools-for-stm32.11.3.rel1.win32_1.1.1.202309131626/tools/bin/../lib/gcc/arm-none-eabi/11.3.1/../../../../arm-none-eabi/lib/thumb/v7e-m+fp/hard\libc_nano.a(libc_a-init.o)
 .ARM.attributes
                0x00000000000007e3       0x34 C:/ST/STM32CubeIDE_1.13.2/STM32CubeIDE/plugins/com.st.stm32cube.ide.mcu.externaltools.gnu-tools-for-stm32.11.3.rel1.win32_1.1.1.202309131626/tools/bin/../lib/gcc/arm-none-eabi/11.3.1/../../../../arm-none-eabi/lib/thumb/v7e-m+fp/hard\libc_nano.a(libc_a-lock.o)
 .ARM.attributes
                0x0000000000000817       0x34 C:/ST/STM32CubeIDE_1.13.2/STM32CubeIDE/plugins/com.st.stm32cube.ide.mcu.externaltools.gnu-tools-for-stm32.11.3.rel1.win32_1.1.1.202309131626/tools/bin/../lib/gcc/arm-none-eabi/11.3.1/../../../../arm-none-eabi/lib/thumb/v7e-m+fp/hard\libc_nano.a(libc_a-memcpy-stub.o)
 .ARM.attributes
                0x000000000000084b       0x17 C:/ST/STM32CubeIDE_1.13.2/STM32CubeIDE/plugins/com.st.stm32cube.ide.mcu.externaltools.gnu-tools-for-stm32.11.3.rel1.win32_1.1.1.202309131626/tools/bin/../lib/gcc/arm-none-eabi/11.3.1/../../../../arm-none-eabi/lib/thumb/v7e-m+fp/hard\libc_nano.a(libc_a-strlen.o)
 .ARM.attributes
                0x0000000000000862       0x34 C:/ST/STM32CubeIDE_1.13.2/STM32CubeIDE/plugins/com.st.stm32cube.ide.mcu.externaltools.gnu-tools-for-stm32.11.3.rel1.win32_1.1.1.202309131626/tools/bin/../lib/gcc/arm-none-eabi/11.3.1/../../../../arm-none-eabi/lib/thumb/v7e-m+fp/hard\libc_nano.a(libc_a-freer.o)
 .ARM.attributes
                0x0000000000000896       0x34 C:/ST/STM32CubeIDE_1.13.2/STM32CubeIDE/plugins/com.st.stm32cube.ide.mcu.externaltools.gnu-tools-for-stm32.11.3.rel1.win32_1.1.1.202309131626/tools/bin/../lib/gcc/arm-none-eabi/11.3.1/../../../../arm-none-eabi/lib/thumb/v7e-m+fp/hard\libc_nano.a(libc_a-mallocr.o)
 .ARM.attributes
                0x00000000000008ca       0x34 C:/ST/STM32CubeIDE_1.13.2/STM32CubeIDE/plugins/com.st.stm32cube.ide.mcu.externaltools.gnu-tools-for-stm32.11.3.rel1.win32_1.1.1.202309131626/tools/bin/../lib/gcc/arm-none-eabi/11.3.1/../../../../arm-none-eabi/lib/thumb/v7e-m+fp/hard\libc_nano.a(libc_a-mlock.o)
 .ARM.attributes
                0x00000000000008fe       0x34 C:/ST/STM32CubeIDE_1.13.2/STM32CubeIDE/plugins/com.st.stm32cube.ide.mcu.externaltools.gnu-tools-for-stm32.11.3.rel1.win32_1.1.1.202309131626/tools/bin/../lib/gcc/arm-none-eabi/11.3.1/../../../../arm-none-eabi/lib/thumb/v7e-m+fp/hard\libc_nano.a(libc_a-nano-svfprintf.o)
 .ARM.attributes
                0x0000000000000932       0x34 C:/ST/STM32CubeIDE_1.13.2/STM32CubeIDE/plugins/com.st.stm32cube.ide.mcu.externaltools.gnu-tools-for-stm32.11.3.rel1.win32_1.1.1.202309131626/tools/bin/../lib/gcc/arm-none-eabi/11.3.1/../../../../arm-none-eabi/lib/thumb/v7e-m+fp/hard\libc_nano.a(libc_a-nano-vfprintf_i.o)
 .ARM.attributes
                0x0000000000000966       0x34 C:/ST/STM32CubeIDE_1.13.2/STM32CubeIDE/plugins/com.st.stm32cube.ide.mcu.externaltools.gnu-tools-for-stm32.11.3.rel1.win32_1.1.1.202309131626/tools/bin/../lib/gcc/arm-none-eabi/11.3.1/../../../../arm-none-eabi/lib/thumb/v7e-m+fp/hard\libc_nano.a(libc_a-memmove.o)
 .ARM.attributes
                0x000000000000099a       0x34 C:/ST/STM32CubeIDE_1.13.2/STM32CubeIDE/plugins/com.st.stm32cube.ide.mcu.externaltools.gnu-tools-for-stm32.11.3.rel1.win32_1.1.1.202309131626/tools/bin/../lib/gcc/arm-none-eabi/11.3.1/../../../../arm-none-eabi/lib/thumb/v7e-m+fp/hard\libc_nano.a(libc_a-sbrkr.o)
 .ARM.attributes
                0x00000000000009ce       0x1c C:/ST/STM32CubeIDE_1.13.2/STM32CubeIDE/plugins/com.st.stm32cube.ide.mcu.externaltools.gnu-tools-for-stm32.11.3.rel1.win32_1.1.1.202309131626/tools/bin/../lib/gcc/arm-none-eabi/11.3.1/../../../../arm-none-eabi/lib/thumb/v7e-m+fp/hard\libc_nano.a(libc_a-memchr.o)
 .ARM.attributes
                0x00000000000009ea       0x34 C:/ST/STM32CubeIDE_1.13.2/STM32CubeIDE/plugins/com.st.stm32cube.ide.mcu.externaltools.gnu-tools-for-stm32.11.3.rel1.win32_1.1.1.202309131626/tools/bin/../lib/gcc/arm-none-eabi/11.3.1/../../../../arm-none-eabi/lib/thumb/v7e-m+fp/hard\libc_nano.a(libc_a-reallocr.o)
 .ARM.attributes
                0x0000000000000a1e       0x34 C:/ST/STM32CubeIDE_1.13.2/STM32CubeIDE/plugins/com.st.stm32cube.ide.mcu.externaltools.gnu-tools-for-stm32.11.3.rel1.win32_1.1.1.202309131626/tools/bin/../lib/gcc/arm-none-eabi/11.3.1/../../../../arm-none-eabi/lib/thumb/v7e-m+fp/hard\libc_nano.a(libc_a-msizer.o)
 .ARM.attributes
                0x0000000000000a52       0x1e C:/ST/STM32CubeIDE_1.13.2/STM32CubeIDE/plugins/com.st.stm32cube.ide.mcu.externaltools.gnu-tools-for-stm32.11.3.rel1.win32_1.1.1.202309131626/tools/bin/../lib/gcc/arm-none-eabi/11.3.1/thumb/v7e-m+fp/hard\libgcc.a(_aeabi_uldivmod.o)
 .ARM.attributes
                0x0000000000000a70       0x34 C:/ST/STM32CubeIDE_1.13.2/STM32CubeIDE/plugins/com.st.stm32cube.ide.mcu.externaltools.gnu-tools-for-stm32.11.3.rel1.win32_1.1.1.202309131626/tools/bin/../lib/gcc/arm-none-eabi/11.3.1/thumb/v7e-m+fp/hard\libgcc.a(_udivmoddi4.o)
 .ARM.attributes
                0x0000000000000aa4       0x1e C:/ST/STM32CubeIDE_1.13.2/STM32CubeIDE/plugins/com.st.stm32cube.ide.mcu.externaltools.gnu-tools-for-stm32.11.3.rel1.win32_1.1.1.202309131626/tools/bin/../lib/gcc/arm-none-eabi/11.3.1/thumb/v7e-m+fp/hard\libgcc.a(_dvmd_tls.o)
 .ARM.attributes
                0x0000000000000ac2       0x1e C:/ST/STM32CubeIDE_1.13.2/STM32CubeIDE/plugins/com.st.stm32cube.ide.mcu.externaltools.gnu-tools-for-stm32.11.3.rel1.win32_1.1.1.202309131626/tools/bin/../lib/gcc/arm-none-eabi/11.3.1/thumb/v7e-m+fp/hard/crtn.o
OUTPUT(digital-clock.elf elf32-littlearm)
LOAD linker stubs
LOAD C:/ST/STM32CubeIDE_1.13.2/STM32CubeIDE/plugins/com.st.stm32cube.ide.mcu.externaltools.gnu-tools-for-stm32.11.3.rel1.win32_1.1.1.202309131626/tools/bin/../lib/gcc/arm-none-eabi/11.3.1/../../../../arm-none-eabi/lib/thumb/v7e-m+fp/hard\libc.a
LOAD C:/ST/STM32CubeIDE_1.13.2/STM32CubeIDE/plugins/com.st.stm32cube.ide.mcu.externaltools.gnu-tools-for-stm32.11.3.rel1.win32_1.1.1.202309131626/tools/bin/../lib/gcc/arm-none-eabi/11.3.1/../../../../arm-none-eabi/lib/thumb/v7e-m+fp/hard\libm.a
LOAD C:/ST/STM32CubeIDE_1.13.2/STM32CubeIDE/plugins/com.st.stm32cube.ide.mcu.externaltools.gnu-tools-for-stm32.11.3.rel1.win32_1.1.1.202309131626/tools/bin/../lib/gcc/arm-none-eabi/11.3.1/thumb/v7e-m+fp/hard\libgcc.a

.comment        0x0000000000000000       0x43
 .comment       0x0000000000000000       0x43 C:/ST/STM32CubeIDE_1.13.2/STM32CubeIDE/plugins/com.st.stm32cube.ide.mcu.externaltools.gnu-tools-for-stm32.11.3.rel1.win32_1.1.1.202309131626/tools/bin/../lib/gcc/arm-none-eabi/11.3.1/thumb/v7e-m+fp/hard/crtbegin.o
                                         0x44 (size before relaxing)
 .comment       0x0000000000000043       0x44 ./Core/Src/lcd1602.o
 .comment       0x0000000000000043       0x44 ./Core/Src/main.o
 .comment       0x0000000000000043       0x44 ./Core/Src/stm32f4xx_hal_msp.o
 .comment       0x0000000000000043       0x44 ./Core/Src/stm32f4xx_hal_timebase_tim.o
 .comment       0x0000000000000043       0x44 ./Core/Src/stm32f4xx_it.o
 .comment       0x0000000000000043       0x44 ./Core/Src/sysmem.o
 .comment       0x0000000000000043       0x44 ./Core/Src/system_stm32f4xx.o
 .comment       0x0000000000000043       0x44 ./Core/Src/task_handlers.o
 .comment       0x0000000000000043       0x44 ./Drivers/STM32F4xx_HAL_Driver/Src/stm32f4xx_hal.o
 .comment       0x0000000000000043       0x44 ./Drivers/STM32F4xx_HAL_Driver/Src/stm32f4xx_hal_cortex.o
 .comment       0x0000000000000043       0x44 ./Drivers/STM32F4xx_HAL_Driver/Src/stm32f4xx_hal_gpio.o