../Core/Src/main.c:79:5:main	40	static,ignoring_inline_asm
../Core/Src/main.c:156:6:SystemClock_Config	88	static
../Core/Src/main.c:203:13:MX_RTC_Init	72	static
../Core/Src/main.c:285:13:MX_TIM1_Init	32	static
../Core/Src/main.c:331:13:MX_GPIO_Init	48	static
../Core/Src/main.c:399:7:printTaskHandler	24	static
../Core/Src/main.c:416:7:startTimerTaskHandler	32	static
../Core/Src/main.c:423:7:rtcUpdateTimerCallback	16	static
../Core/Src/main.c:427:7:rtcUpdateTaskHandler	56	static
../Core/Src/main.c:460:7:vApplicationIdleHook	8	static
../Core/Src/main.c:466:7:alarmSetTaskHandler	16	static
../Core/Src/main.c:485:6:HAL_TIM_PeriodElapsedCallback	16	static
../Core/Src/main.c:502:6:Error_Handler	4	static,ignoring_inline_asm
