../Core/Src/main.c:92:5:main	48	static,ignoring_inline_asm
../Core/Src/main.c:171:6:SystemClock_Config	88	static
../Core/Src/main.c:218:13:MX_RTC_Init	72	static
../Core/Src/main.c:300:13:MX_TIM1_Init	32	static
../Core/Src/main.c:346:13:MX_GPIO_Init	48	static
../Core/Src/main.c:420:7:printTaskHandler	24	static
../Core/Src/main.c:437:7:startTimerTaskHandler	32	static
../Core/Src/main.c:444:7:printTimerCallback	24	static
../Core/Src/main.c:456:7:vApplicationIdleHook	8	static
../Core/Src/main.c:483:14:handleSetTime	16	static
../Core/Src/main.c:511:14:handleSetDate	16	static
../Core/Src/main.c:539:14:handleSelect	8	static
../Core/Src/main.c:566:7:rtcUpdateTaskHandler	24	static
../Core/Src/main.c:596:7:rtcSetTaskHandler	24	static
../Core/Src/main.c:618:7:alarmSetTaskHandler	24	static
../Core/Src/main.c:647:6:HAL_TIM_PeriodElapsedCallback	16	static
../Core/Src/main.c:664:6:Error_Handler	4	static,ignoring_inline_asm
