../Core/Src/task_handlers.c:14:6:printTaskHandler	24	static
../Core/Src/task_handlers.c:31:6:startTimerTaskHandler	32	static
../Core/Src/task_handlers.c:40:6:printTimerCallback	24	static
../Core/Src/task_handlers.c:52:6:vApplicationIdleHook	8	static
../Core/Src/task_handlers.c:83:13:handleSetTime	16	static
../Core/Src/task_handlers.c:111:13:handleSetDate	16	static
../Core/Src/task_handlers.c:139:13:handleSelect	16	static
../Core/Src/task_handlers.c:148:6:rtcUpdateTaskHandler	24	static
../Core/Src/task_handlers.c:178:6:rtcSetTaskHandler	24	static
../Core/Src/task_handlers.c:200:6:alarmSetTaskHandler	24	static
../Core/Src/task_handlers.c:228:6:alarmStartTaskHandler	32	static
../Core/Src/task_handlers.c:240:6:alarmTimerCallback	24	static
../Core/Src/task_handlers.c:249:6:alarmLedTimerCallback	16	static
../Core/Src/task_handlers.c:254:6:alarmBuzzerTaskHandler	16	static
