../Core/Src/task_handlers.c:14:6:printTaskHandler	24	static
../Core/Src/task_handlers.c:31:6:startTimerTaskHandler	32	static
../Core/Src/task_handlers.c:39:6:printTimerCallback	24	static
../Core/Src/task_handlers.c:51:6:vApplicationIdleHook	8	static
../Core/Src/task_handlers.c:78:13:handleSetTime	16	static
../Core/Src/task_handlers.c:106:13:handleSetDate	16	static
../Core/Src/task_handlers.c:134:13:handleSelect	8	static
../Core/Src/task_handlers.c:161:6:rtcUpdateTaskHandler	24	static
../Core/Src/task_handlers.c:191:6:rtcSetTaskHandler	24	static
../Core/Src/task_handlers.c:213:6:alarmSetTaskHandler	24	static
../Core/Src/task_handlers.c:232:6:alarmStartTaskHandler	32	static
../Core/Src/task_handlers.c:244:6:alarmTimerCallback	24	static
../Core/Src/task_handlers.c:253:6:alarmLedTimerCallback	16	static
../Core/Src/task_handlers.c:258:6:alarmBuzzerTaskHandler	16	static
